[pid  7247] getpid()                    = 7241
[pid  7247] read(6, "\1\0\0\0\0\0\0\0", 8) = 8
[pid  7247] epoll_ctl(7, EPOLL_CTL_MOD, 11, {events=EPOLLIN|EPOLLOUT, data={u32=2617250864, u64=140229004497968}}) = 0
[pid  7247] sendto(11, "\1\0\0\5OK: 1", 9, 0, NULL, 0) = 9
[pid  7118] <... epoll_wait resumed>[{events=EPOLLIN, data={u32=3758131744, u64=140689706879520}}], 256, -1) = 1
[pid  7247] getpid( <unfinished ...>
[pid  7118] recvfrom(13,  <unfinished ...>
[pid  7247] <... getpid resumed>)       = 7241
[pid  7118] <... recvfrom resumed>"\1\0\0\5OK: 1", 8192, 0, NULL, NULL) = 9
[pid  7247] poll([{fd=6, events=POLLIN}], 1, 0 <unfinished ...>
[pid  7118] getpid( <unfinished ...>
[pid  7247] <... poll resumed>)         = 0 (Timeout)
[pid  7118] <... getpid resumed>)       = 7116
[pid  7247] epoll_wait(7,  <unfinished ...>
[pid  7118] write(8, "\1\0\0\0\0\0\0\0", 8 <unfinished ...>
[pid  7247] <... epoll_wait resumed>[{events=EPOLLOUT, data={u32=2617250864, u64=140229004497968}}], 256, -1) = 1
[pid  7118] <... write resumed>)        = 8
[pid  7116] <... poll resumed>)         = 1 ([{fd=8, revents=POLLIN}])
[pid  7247] epoll_ctl(7, EPOLL_CTL_MOD, 11, {events=EPOLLIN, data={u32=2617250864, u64=140229004497968}} <unfinished ...>
[pid  7118] epoll_wait(7,  <unfinished ...>
[pid  7116] getpid( <unfinished ...>
[pid  7247] <... epoll_ctl resumed>)    = 0
[pid  7116] <... getpid resumed>)       = 7116
[pid  7247] epoll_wait(7,  <unfinished ...>
[pid  7116] read(8, "\1\0\0\0\0\0\0\0", 8) = 8
[pid  7116] getpid()                    = 7116
[pid  7116] poll([{fd=8, events=POLLIN}], 1, 0) = 0 (Timeout)
[pid  7116] getpid()                    = 7116
[pid  7116] poll([{fd=10, events=POLLIN}], 1, 0) = 0 (Timeout)
[pid  7116] getpid()                    = 7116
[pid  7116] write(6, "\1\0\0\0\0\0\0\0", 8 <unfinished ...>
[pid  7118] <... epoll_wait resumed>[{events=EPOLLIN, data={u32=2638587040, u64=93839084070048}}], 256, -1) = 1
[pid  7116] <... write resumed>)        = 8
[pid  7118] getpid( <unfinished ...>
[pid  7116] getpid( <unfinished ...>
[pid  7118] <... getpid resumed>)       = 7116
[pid  7116] <... getpid resumed>)       = 7116
[pid  7118] poll([{fd=6, events=POLLIN}], 1, 0 <unfinished ...>
[pid  7116] poll([{fd=10, events=POLLIN}], 1, -1 <unfinished ...>
[pid  7118] <... poll resumed>)         = 1 ([{fd=6, revents=POLLIN}])
[pid  7118] getpid()                    = 7116
[pid  7118] read(6, "\1\0\0\0\0\0\0\0", 8) = 8
[pid  7118] epoll_ctl(7, EPOLL_CTL_MOD, 11, {events=EPOLLIN|EPOLLOUT, data={u32=3758101552, u64=140689706849328}}) = 0
[pid  7118] sendto(11, "\1\0\0\5OK: 1", 9, 0, NULL, 0) = 9
[pid  7094] <... epoll_wait resumed>[{events=EPOLLIN, data={u32=603982800, u64=139711595154384}}], 256, -1) = 1
[pid  7094] recvfrom(12,  <unfinished ...>
[pid  7118] getpid( <unfinished ...>
[pid  7094] <... recvfrom resumed>"\1\0\0\5OK: 1", 8192, 0, NULL, NULL) = 9
[pid  7094] getpid()                    = 7092
[pid  7118] <... getpid resumed>)       = 7116
[pid  7094] write(8, "\1\0\0\0\0\0\0\0", 8 <unfinished ...>
[pid  7118] poll([{fd=6, events=POLLIN}], 1, 0 <unfinished ...>
[pid  7094] <... write resumed>)        = 8
[pid  7092] <... poll resumed>)         = 1 ([{fd=8, revents=POLLIN}])
[pid  7094] epoll_wait(7,  <unfinished ...>
[pid  7118] <... poll resumed>)         = 0 (Timeout)
[pid  7092] getpid( <unfinished ...>
[pid  7118] epoll_wait(7,  <unfinished ...>
[pid  7092] <... getpid resumed>)       = 7092
[pid  7118] <... epoll_wait resumed>[{events=EPOLLOUT, data={u32=3758101552, u64=140689706849328}}], 256, -1) = 1
[pid  7092] read(8, "\1\0\0\0\0\0\0\0", 8) = 8
[pid  7118] epoll_ctl(7, EPOLL_CTL_MOD, 11, {events=EPOLLIN, data={u32=3758101552, u64=140689706849328}} <unfinished ...>
[pid  7092] getpid( <unfinished ...>
[pid  7118] <... epoll_ctl resumed>)    = 0
[pid  7092] <... getpid resumed>)       = 7092
[pid  7118] epoll_wait(7,  <unfinished ...>
[pid  7092] poll([{fd=8, events=POLLIN}], 1, 0) = 0 (Timeout)
[pid  7092] getpid()                    = 7092
[pid  7092] poll([{fd=9, events=POLLIN}], 1, 0) = 0 (Timeout)
[pid  7092] getpid()                    = 7092
[pid  7092] write(6, "\1\0\0\0\0\0\0\0", 8) = 8
[pid  7094] <... epoll_wait resumed>[{events=EPOLLIN, data={u32=2423313568, u64=94521768596640}}], 256, -1) = 1
[pid  7094] getpid()                    = 7092
[pid  7092] getpid( <unfinished ...>
[pid  7094] poll([{fd=6, events=POLLIN}], 1, 0) = 1 ([{fd=6, revents=POLLIN}])
[pid  7094] getpid()                    = 7092
[pid  7092] <... getpid resumed>)       = 7092
[pid  7094] read(6, "\1\0\0\0\0\0\0\0", 8) = 8
[pid  7094] epoll_ctl(7, EPOLL_CTL_MOD, 14, {events=EPOLLIN|EPOLLOUT, data={u32=604049568, u64=139711595221152}} <unfinished ...>
[pid  7092] poll([{fd=9, events=POLLIN}], 1, -1 <unfinished ...>
[pid  7094] <... epoll_ctl resumed>)    = 0
[pid  7094] sendto(14, "\1\0\0\6ping 3", 10, 0, NULL, 0) = 10
[pid  7094] getpid()                    = 7092
[pid  7094] poll([{fd=6, events=POLLIN}], 1, 0 <unfinished ...>
[pid  7218] <... epoll_wait resumed>[{events=EPOLLIN, data={u32=2147488816, u64=140383153558576}}], 256, -1) = 1
[pid  7094] <... poll resumed>)         = 0 (Timeout)
[pid  7094] epoll_wait(7, [{events=EPOLLOUT, data={u32=604049568, u64=139711595221152}}], 256, -1) = 1
[pid  7094] epoll_ctl(7, EPOLL_CTL_MOD, 14, {events=EPOLLIN, data={u32=604049568, u64=139711595221152}} <unfinished ...>
[pid  7218] recvfrom(11,  <unfinished ...>
[pid  7094] <... epoll_ctl resumed>)    = 0
[pid  7094] epoll_wait(7,  <unfinished ...>
[pid  7218] <... recvfrom resumed>"\1\0\0\6ping 3", 8192, 0, NULL, NULL) = 10
[pid  7218] getpid()                    = 7216
[pid  7218] write(10, "\1\0\0\0\0\0\0\0", 8) = 8
[pid  7216] <... poll resumed>)         = 1 ([{fd=10, revents=POLLIN}])
[pid  7216] getpid()                    = 7216
[pid  7216] read(10,  <unfinished ...>
[pid  7218] epoll_wait(7,  <unfinished ...>
[pid  7216] <... read resumed>"\1\0\0\0\0\0\0\0", 8) = 8
[pid  7216] getpid()                    = 7216
[pid  7216] poll([{fd=10, events=POLLIN}], 1, 0) = 0 (Timeout)
[pid  7216] getpid()                    = 7216
[pid  7216] poll([{fd=10, events=POLLIN}], 1, 0) = 0 (Timeout)
[pid  7216] getpid()                    = 7216
[pid  7216] write(6, "\1\0\0\0\0\0\0\0", 8) = 8
[pid  7216] getpid()                    = 7216
[pid  7216] poll([{fd=10, events=POLLIN}], 1, -1 <unfinished ...>
[pid  7218] <... epoll_wait resumed>[{events=EPOLLIN, data={u32=3762619552, u64=94497338098848}}], 256, -1) = 1
[pid  7218] getpid()                    = 7216
[pid  7218] poll([{fd=6, events=POLLIN}], 1, 0) = 1 ([{fd=6, revents=POLLIN}])
[pid  7218] getpid()                    = 7216
[pid  7218] read(6, "\1\0\0\0\0\0\0\0", 8) = 8
[pid  7218] epoll_ctl(7, EPOLL_CTL_MOD, 11, {events=EPOLLIN|EPOLLOUT, data={u32=2147488816, u64=140383153558576}}) = 0
[pid  7218] sendto(11, "\1\0\0\5OK: 1", 9, 0, NULL, 0) = 9
[pid  7094] <... epoll_wait resumed>[{events=EPOLLIN, data={u32=604049568, u64=139711595221152}}], 256, -1) = 1
[pid  7094] recvfrom(14, "\1\0\0\5OK: 1", 8192, 0, NULL, NULL) = 9
[pid  7218] getpid( <unfinished ...>
[pid  7094] getpid()                    = 7092
[pid  7094] write(9, "\1\0\0\0\0\0\0\0", 8 <unfinished ...>
[pid  7092] <... poll resumed>)         = 1 ([{fd=9, revents=POLLIN}])
[pid  7218] <... getpid resumed>)       = 7216
[pid  7094] <... write resumed>)        = 8
[pid  7092] getpid( <unfinished ...>
[pid  7094] epoll_wait(7,  <unfinished ...>
[pid  7092] <... getpid resumed>)       = 7092
[pid  7218] poll([{fd=6, events=POLLIN}], 1, 0 <unfinished ...>
[pid  7092] read(9, "\1\0\0\0\0\0\0\0", 8) = 8
[pid  7092] getpid( <unfinished ...>
[pid  7218] <... poll resumed>)         = 0 (Timeout)
[pid  7092] <... getpid resumed>)       = 7092
[pid  7092] poll([{fd=9, events=POLLIN}], 1, 0) = 0 (Timeout)
[pid  7218] epoll_wait(7,  <unfinished ...>
[pid  7092] getpid()                    = 7092
[pid  7092] poll([{fd=9, events=POLLIN}], 1, 0 <unfinished ...>
[pid  7218] <... epoll_wait resumed>[{events=EPOLLOUT, data={u32=2147488816, u64=140383153558576}}], 256, -1) = 1
[pid  7092] <... poll resumed>)         = 0 (Timeout)
[pid  7092] getpid()                    = 7092
[pid  7218] epoll_ctl(7, EPOLL_CTL_MOD, 11, {events=EPOLLIN, data={u32=2147488816, u64=140383153558576}} <unfinished ...>
[pid  7092] write(6, "\1\0\0\0\0\0\0\0", 8) = 8
[pid  7094] <... epoll_wait resumed>[{events=EPOLLIN, data={u32=2423313568, u64=94521768596640}}], 256, -1) = 1
[pid  7092] getpid( <unfinished ...>
[pid  7218] <... epoll_ctl resumed>)    = 0
[pid  7094] getpid( <unfinished ...>
[pid  7092] <... getpid resumed>)       = 7092
[pid  7094] <... getpid resumed>)       = 7092
[pid  7092] poll([{fd=9, events=POLLIN}], 1, -1 <unfinished ...>
[pid  7094] poll([{fd=6, events=POLLIN}], 1, 0 <unfinished ...>
[pid  7218] epoll_wait(7,  <unfinished ...>
[pid  7094] <... poll resumed>)         = 1 ([{fd=6, revents=POLLIN}])
[pid  7094] getpid()                    = 7092
[pid  7094] read(6, "\1\0\0\0\0\0\0\0", 8) = 8
[pid  7094] epoll_ctl(7, EPOLL_CTL_MOD, 14, {events=EPOLLIN|EPOLLOUT, data={u32=604049568, u64=139711595221152}}) = 0
[pid  7094] sendto(14, "\1\0\0\rsend 5 ping 5", 17, 0, NULL, 0) = 17
[pid  7094] getpid( <unfinished ...>
[pid  7218] <... epoll_wait resumed>[{events=EPOLLIN, data={u32=2147488816, u64=140383153558576}}], 256, -1) = 1
[pid  7094] <... getpid resumed>)       = 7092
[pid  7094] poll([{fd=6, events=POLLIN}], 1, 0 <unfinished ...>
[pid  7218] recvfrom(11,  <unfinished ...>
[pid  7094] <... poll resumed>)         = 0 (Timeout)
[pid  7094] epoll_wait(7, [{events=EPOLLOUT, data={u32=604049568, u64=139711595221152}}], 256, -1) = 1
[pid  7094] epoll_ctl(7, EPOLL_CTL_MOD, 14, {events=EPOLLIN, data={u32=604049568, u64=139711595221152}}) = 0
[pid  7218] <... recvfrom resumed>"\1\0\0\rsend 5 ping 5", 8192, 0, NULL, NULL) = 17
[pid  7094] epoll_wait(7,  <unfinished ...>
[pid  7218] getpid()                    = 7216
[pid  7218] write(10, "\1\0\0\0\0\0\0\0", 8) = 8
[pid  7216] <... poll resumed>)         = 1 ([{fd=10, revents=POLLIN}])
[pid  7218] epoll_wait(7,  <unfinished ...>
[pid  7216] getpid()                    = 7216
[pid  7216] read(10, "\1\0\0\0\0\0\0\0", 8) = 8
[pid  7216] getpid()                    = 7216
[pid  7216] poll([{fd=10, events=POLLIN}], 1, 0) = 0 (Timeout)
[pid  7216] getpid()                    = 7216
[pid  7216] poll([{fd=10, events=POLLIN}], 1, 0) = 0 (Timeout)
[pid  7216] getpid()                    = 7216
[pid  7216] write(6, "\1\0\0\0\0\0\0\0", 8 <unfinished ...>
[pid  7218] <... epoll_wait resumed>[{events=EPOLLIN, data={u32=3762619552, u64=94497338098848}}], 256, -1) = 1
[pid  7216] <... write resumed>)        = 8
[pid  7218] getpid( <unfinished ...>
[pid  7216] getpid( <unfinished ...>
[pid  7218] <... getpid resumed>)       = 7216
[pid  7216] <... getpid resumed>)       = 7216
[pid  7218] poll([{fd=6, events=POLLIN}], 1, 0 <unfinished ...>
[pid  7216] poll([{fd=10, events=POLLIN}], 1, -1 <unfinished ...>
[pid  7218] <... poll resumed>)         = 1 ([{fd=6, revents=POLLIN}])
[pid  7218] getpid()                    = 7216
[pid  7218] read(6, "\1\0\0\0\0\0\0\0", 8) = 8
[pid  7218] epoll_ctl(7, EPOLL_CTL_MOD, 11, {events=EPOLLIN|EPOLLOUT, data={u32=2147488816, u64=140383153558576}}) = 0
[pid  7218] sendto(11, "\1\0\0\26Error: id is not found", 26, 0, NULL, 0) = 26
[pid  7218] getpid( <unfinished ...>
[pid  7094] <... epoll_wait resumed>[{events=EPOLLIN, data={u32=604049568, u64=139711595221152}}], 256, -1) = 1
[pid  7218] <... getpid resumed>)       = 7216
[pid  7218] poll([{fd=6, events=POLLIN}], 1, 0 <unfinished ...>
[pid  7094] recvfrom(14,  <unfinished ...>
[pid  7218] <... poll resumed>)         = 0 (Timeout)
[pid  7094] <... recvfrom resumed>"\1\0\0\26Error: id is not found", 8192, 0, NULL, NULL) = 26
[pid  7218] epoll_wait(7, [{events=EPOLLOUT, data={u32=2147488816, u64=140383153558576}}], 256, -1) = 1
[pid  7094] getpid( <unfinished ...>
[pid  7218] epoll_ctl(7, EPOLL_CTL_MOD, 11, {events=EPOLLIN, data={u32=2147488816, u64=140383153558576}} <unfinished ...>
[pid  7094] <... getpid resumed>)       = 7092
[pid  7218] <... epoll_ctl resumed>)    = 0
[pid  7094] write(9, "\1\0\0\0\0\0\0\0", 8 <unfinished ...>
[pid  7218] epoll_wait(7,  <unfinished ...>
[pid  7092] <... poll resumed>)         = 1 ([{fd=9, revents=POLLIN}])
[pid  7094] <... write resumed>)        = 8
[pid  7092] getpid( <unfinished ...>
[pid  7094] epoll_wait(7,  <unfinished ...>
[pid  7092] <... getpid resumed>)       = 7092
[pid  7092] read(9, "\1\0\0\0\0\0\0\0", 8) = 8
[pid  7092] getpid()                    = 7092
[pid  7092] poll([{fd=9, events=POLLIN}], 1, 0) = 0 (Timeout)
[pid  7092] write(1, "(5) => OK: 1\n", 13) = 13
[pid  7092] clock_nanosleep(CLOCK_REALTIME, 0, {tv_sec=0, tv_nsec=2000000}, NULL) = 0
[pid  7092] getpid()                    = 7092
[pid  7092] poll([{fd=8, events=POLLIN}], 1, 0) = 0 (Timeout)
[pid  7092] getpid()                    = 7092
[pid  7092] write(6, "\1\0\0\0\0\0\0\0", 8) = 8
[pid  7094] <... epoll_wait resumed>[{events=EPOLLIN, data={u32=2423313568, u64=94521768596640}}], 256, -1) = 1
[pid  7092] getpid( <unfinished ...>
[pid  7094] getpid( <unfinished ...>
[pid  7092] <... getpid resumed>)       = 7092
[pid  7094] <... getpid resumed>)       = 7092
[pid  7092] poll([{fd=8, events=POLLIN}], 1, -1 <unfinished ...>
[pid  7094] poll([{fd=6, events=POLLIN}], 1, 0) = 1 ([{fd=6, revents=POLLIN}])
[pid  7094] getpid()                    = 7092
[pid  7094] read(6, "\1\0\0\0\0\0\0\0", 8) = 8
[pid  7094] epoll_ctl(7, EPOLL_CTL_MOD, 12, {events=EPOLLIN|EPOLLOUT, data={u32=603982800, u64=139711595154384}}) = 0
[pid  7094] sendto(12, "\1\0\0\6ping 1", 10, 0, NULL, 0 <unfinished ...>
[pid  7118] <... epoll_wait resumed>[{events=EPOLLIN, data={u32=3758101552, u64=140689706849328}}], 256, -1) = 1
[pid  7094] <... sendto resumed>)       = 10
[pid  7118] recvfrom(11,  <unfinished ...>
[pid  7094] getpid()                    = 7092
[pid  7118] <... recvfrom resumed>"\1\0\0\6ping 1", 8192, 0, NULL, NULL) = 10
[pid  7094] poll([{fd=6, events=POLLIN}], 1, 0 <unfinished ...>
[pid  7118] getpid( <unfinished ...>
[pid  7094] <... poll resumed>)         = 0 (Timeout)
[pid  7118] <... getpid resumed>)       = 7116
[pid  7094] epoll_wait(7,  <unfinished ...>
[pid  7118] write(10, "\1\0\0\0\0\0\0\0", 8 <unfinished ...>
[pid  7094] <... epoll_wait resumed>[{events=EPOLLOUT, data={u32=603982800, u64=139711595154384}}], 256, -1) = 1
[pid  7094] epoll_ctl(7, EPOLL_CTL_MOD, 12, {events=EPOLLIN, data={u32=603982800, u64=139711595154384}} <unfinished ...>
[pid  7118] <... write resumed>)        = 8
[pid  7116] <... poll resumed>)         = 1 ([{fd=10, revents=POLLIN}])
[pid  7094] <... epoll_ctl resumed>)    = 0
[pid  7116] getpid( <unfinished ...>
[pid  7094] epoll_wait(7,  <unfinished ...>
[pid  7118] epoll_wait(7,  <unfinished ...>
[pid  7116] <... getpid resumed>)       = 7116
[pid  7116] read(10, "\1\0\0\0\0\0\0\0", 8) = 8
[pid  7116] getpid()                    = 7116
[pid  7116] poll([{fd=10, events=POLLIN}], 1, 0) = 0 (Timeout)
[pid  7116] getpid()                    = 7116
[pid  7116] poll([{fd=10, events=POLLIN}], 1, 0) = 0 (Timeout)
[pid  7116] getpid()                    = 7116
[pid  7116] write(6, "\1\0\0\0\0\0\0\0", 8 <unfinished ...>
[pid  7118] <... epoll_wait resumed>[{events=EPOLLIN, data={u32=2638587040, u64=93839084070048}}], 256, -1) = 1
[pid  7116] <... write resumed>)        = 8
[pid  7118] getpid( <unfinished ...>
[pid  7116] getpid( <unfinished ...>
[pid  7118] <... getpid resumed>)       = 7116
[pid  7116] <... getpid resumed>)       = 7116
[pid  7118] poll([{fd=6, events=POLLIN}], 1, 0 <unfinished ...>
[pid  7116] poll([{fd=10, events=POLLIN}], 1, -1 <unfinished ...>
[pid  7118] <... poll resumed>)         = 1 ([{fd=6, revents=POLLIN}])
[pid  7118] getpid()                    = 7116
[pid  7118] read(6, "\1\0\0\0\0\0\0\0", 8) = 8
[pid  7118] epoll_ctl(7, EPOLL_CTL_MOD, 11, {events=EPOLLIN|EPOLLOUT, data={u32=3758101552, u64=140689706849328}}) = 0
[pid  7118] sendto(11, "\1\0\0\5OK: 1", 9, 0, NULL, 0) = 9
[pid  7094] <... epoll_wait resumed>[{events=EPOLLIN, data={u32=603982800, u64=139711595154384}}], 256, -1) = 1
[pid  7118] getpid( <unfinished ...>
[pid  7094] recvfrom(12,  <unfinished ...>
[pid  7118] <... getpid resumed>)       = 7116
[pid  7094] <... recvfrom resumed>"\1\0\0\5OK: 1", 8192, 0, NULL, NULL) = 9
[pid  7118] poll([{fd=6, events=POLLIN}], 1, 0 <unfinished ...>
[pid  7094] getpid( <unfinished ...>
[pid  7118] <... poll resumed>)         = 0 (Timeout)
[pid  7094] <... getpid resumed>)       = 7092
[pid  7118] epoll_wait(7,  <unfinished ...>
[pid  7094] write(8, "\1\0\0\0\0\0\0\0", 8 <unfinished ...>
[pid  7118] <... epoll_wait resumed>[{events=EPOLLOUT, data={u32=3758101552, u64=140689706849328}}], 256, -1) = 1
[pid  7094] <... write resumed>)        = 8
[pid  7092] <... poll resumed>)         = 1 ([{fd=8, revents=POLLIN}])
[pid  7118] epoll_ctl(7, EPOLL_CTL_MOD, 11, {events=EPOLLIN, data={u32=3758101552, u64=140689706849328}} <unfinished ...>
[pid  7094] epoll_wait(7,  <unfinished ...>
[pid  7092] getpid( <unfinished ...>
[pid  7118] <... epoll_ctl resumed>)    = 0
[pid  7118] epoll_wait(7,  <unfinished ...>
[pid  7092] <... getpid resumed>)       = 7092
[pid  7092] read(8, "\1\0\0\0\0\0\0\0", 8) = 8
[pid  7092] getpid()                    = 7092
[pid  7092] poll([{fd=8, events=POLLIN}], 1, 0) = 0 (Timeout)
[pid  7092] write(1, "(1) => OK: 1\n", 13) = 13
[pid  7092] getpid()                    = 7092
[pid  7092] poll([{fd=9, events=POLLIN}], 1, 0) = 0 (Timeout)
[pid  7092] getpid()                    = 7092
[pid  7092] write(6, "\1\0\0\0\0\0\0\0", 8) = 8
[pid  7094] <... epoll_wait resumed>[{events=EPOLLIN, data={u32=2423313568, u64=94521768596640}}], 256, -1) = 1
[pid  7094] getpid()                    = 7092
[pid  7094] poll([{fd=6, events=POLLIN}], 1, 0) = 1 ([{fd=6, revents=POLLIN}])
[pid  7094] getpid( <unfinished ...>
[pid  7092] getpid( <unfinished ...>
[pid  7094] <... getpid resumed>)       = 7092
[pid  7094] read(6, "\1\0\0\0\0\0\0\0", 8) = 8
[pid  7094] epoll_ctl(7, EPOLL_CTL_MOD, 14, {events=EPOLLIN|EPOLLOUT, data={u32=604049568, u64=139711595221152}} <unfinished ...>
[pid  7092] <... getpid resumed>)       = 7092
[pid  7094] <... epoll_ctl resumed>)    = 0
[pid  7094] sendto(14, "\1\0\0\6ping 3", 10, 0, NULL, 0 <unfinished ...>
[pid  7092] poll([{fd=9, events=POLLIN}], 1, -1 <unfinished ...>
[pid  7094] <... sendto resumed>)       = 10
[pid  7218] <... epoll_wait resumed>[{events=EPOLLIN, data={u32=2147488816, u64=140383153558576}}], 256, -1) = 1
[pid  7094] getpid( <unfinished ...>
[pid  7218] recvfrom(11,  <unfinished ...>
[pid  7094] <... getpid resumed>)       = 7092
[pid  7094] poll([{fd=6, events=POLLIN}], 1, 0 <unfinished ...>
[pid  7218] <... recvfrom resumed>"\1\0\0\6ping 3", 8192, 0, NULL, NULL) = 10
[pid  7094] <... poll resumed>)         = 0 (Timeout)
[pid  7094] epoll_wait(7, [{events=EPOLLOUT, data={u32=604049568, u64=139711595221152}}], 256, -1) = 1
[pid  7094] epoll_ctl(7, EPOLL_CTL_MOD, 14, {events=EPOLLIN, data={u32=604049568, u64=139711595221152}}) = 0
[pid  7094] epoll_wait(7,  <unfinished ...>
[pid  7218] getpid()                    = 7216
[pid  7218] write(10, "\1\0\0\0\0\0\0\0", 8) = 8
[pid  7216] <... poll resumed>)         = 1 ([{fd=10, revents=POLLIN}])
[pid  7218] epoll_wait(7,  <unfinished ...>
[pid  7216] getpid()                    = 7216
[pid  7216] read(10, "\1\0\0\0\0\0\0\0", 8) = 8
[pid  7216] getpid()                    = 7216
[pid  7216] poll([{fd=10, events=POLLIN}], 1, 0) = 0 (Timeout)
[pid  7216] getpid()                    = 7216
[pid  7216] poll([{fd=10, events=POLLIN}], 1, 0) = 0 (Timeout)
[pid  7216] getpid()                    = 7216
[pid  7216] write(6, "\1\0\0\0\0\0\0\0", 8) = 8
[pid  7218] <... epoll_wait resumed>[{events=EPOLLIN, data={u32=3762619552, u64=94497338098848}}], 256, -1) = 1
[pid  7216] getpid( <unfinished ...>
[pid  7218] getpid( <unfinished ...>
[pid  7216] <... getpid resumed>)       = 7216
[pid  7218] <... getpid resumed>)       = 7216
[pid  7216] poll([{fd=10, events=POLLIN}], 1, -1 <unfinished ...>
[pid  7218] poll([{fd=6, events=POLLIN}], 1, 0) = 1 ([{fd=6, revents=POLLIN}])
[pid  7218] getpid()                    = 7216
[pid  7218] read(6, "\1\0\0\0\0\0\0\0", 8) = 8
[pid  7218] epoll_ctl(7, EPOLL_CTL_MOD, 11, {events=EPOLLIN|EPOLLOUT, data={u32=2147488816, u64=140383153558576}}) = 0
[pid  7218] sendto(11, "\1\0\0\5OK: 1", 9, 0, NULL, 0) = 9
[pid  7094] <... epoll_wait resumed>[{events=EPOLLIN, data={u32=604049568, u64=139711595221152}}], 256, -1) = 1
[pid  7218] getpid( <unfinished ...>
[pid  7094] recvfrom(14,  <unfinished ...>
[pid  7218] <... getpid resumed>)       = 7216
[pid  7094] <... recvfrom resumed>"\1\0\0\5OK: 1", 8192, 0, NULL, NULL) = 9
[pid  7218] poll([{fd=6, events=POLLIN}], 1, 0 <unfinished ...>
[pid  7094] getpid( <unfinished ...>
[pid  7218] <... poll resumed>)         = 0 (Timeout)
[pid  7094] <... getpid resumed>)       = 7092
[pid  7218] epoll_wait(7,  <unfinished ...>
[pid  7094] write(9, "\1\0\0\0\0\0\0\0", 8 <unfinished ...>
[pid  7092] <... poll resumed>)         = 1 ([{fd=9, revents=POLLIN}])
[pid  7218] <... epoll_wait resumed>[{events=EPOLLOUT, data={u32=2147488816, u64=140383153558576}}], 256, -1) = 1
[pid  7094] <... write resumed>)        = 8
[pid  7092] getpid()                    = 7092
[pid  7092] read(9, "\1\0\0\0\0\0\0\0", 8) = 8
[pid  7218] epoll_ctl(7, EPOLL_CTL_MOD, 11, {events=EPOLLIN, data={u32=2147488816, u64=140383153558576}} <unfinished ...>
[pid  7094] epoll_wait(7,  <unfinished ...>
[pid  7092] getpid( <unfinished ...>
[pid  7218] <... epoll_ctl resumed>)    = 0
[pid  7092] <... getpid resumed>)       = 7092
[pid  7092] poll([{fd=9, events=POLLIN}], 1, 0) = 0 (Timeout)
[pid  7092] write(1, "(3) => OK: 1\n", 13 <unfinished ...>
[pid  7218] epoll_wait(7,  <unfinished ...>
[pid  7092] <... write resumed>)        = 13
[pid  7092] getpid()                    = 7092
[pid  7092] poll([{fd=8, events=POLLIN}], 1, 0) = 0 (Timeout)
[pid  7092] getpid()                    = 7092
[pid  7092] write(6, "\1\0\0\0\0\0\0\0", 8) = 8
[pid  7092] getpid( <unfinished ...>
[pid  7094] <... epoll_wait resumed>[{events=EPOLLIN, data={u32=2423313568, u64=94521768596640}}], 256, -1) = 1
[pid  7092] <... getpid resumed>)       = 7092
[pid  7092] poll([{fd=8, events=POLLIN}], 1, -1 <unfinished ...>
[pid  7094] getpid()                    = 7092
[pid  7094] poll([{fd=6, events=POLLIN}], 1, 0) = 1 ([{fd=6, revents=POLLIN}])
[pid  7094] getpid()                    = 7092
[pid  7094] read(6, "\1\0\0\0\0\0\0\0", 8) = 8
[pid  7094] epoll_ctl(7, EPOLL_CTL_MOD, 12, {events=EPOLLIN|EPOLLOUT, data={u32=603982800, u64=139711595154384}}) = 0
[pid  7094] sendto(12, "\1\0\0\6ping 1", 10, 0, NULL, 0 <unfinished ...>
[pid  7118] <... epoll_wait resumed>[{events=EPOLLIN, data={u32=3758101552, u64=140689706849328}}], 256, -1) = 1
[pid  7094] <... sendto resumed>)       = 10
[pid  7118] recvfrom(11,  <unfinished ...>
[pid  7094] getpid( <unfinished ...>
[pid  7118] <... recvfrom resumed>"\1\0\0\6ping 1", 8192, 0, NULL, NULL) = 10
[pid  7094] <... getpid resumed>)       = 7092
[pid  7118] getpid( <unfinished ...>
[pid  7094] poll([{fd=6, events=POLLIN}], 1, 0 <unfinished ...>
[pid  7118] <... getpid resumed>)       = 7116
[pid  7118] write(10, "\1\0\0\0\0\0\0\0", 8 <unfinished ...>
[pid  7094] <... poll resumed>)         = 0 (Timeout)
[pid  7118] <... write resumed>)        = 8
[pid  7118] epoll_wait(7,  <unfinished ...>
[pid  7116] <... poll resumed>)         = 1 ([{fd=10, revents=POLLIN}])
[pid  7094] epoll_wait(7,  <unfinished ...>
[pid  7116] getpid( <unfinished ...>
[pid  7094] <... epoll_wait resumed>[{events=EPOLLOUT, data={u32=603982800, u64=139711595154384}}], 256, -1) = 1
[pid  7116] <... getpid resumed>)       = 7116
[pid  7094] epoll_ctl(7, EPOLL_CTL_MOD, 12, {events=EPOLLIN, data={u32=603982800, u64=139711595154384}} <unfinished ...>
[pid  7116] read(10,  <unfinished ...>
[pid  7094] <... epoll_ctl resumed>)    = 0
[pid  7116] <... read resumed>"\1\0\0\0\0\0\0\0", 8) = 8
[pid  7094] epoll_wait(7,  <unfinished ...>
[pid  7116] getpid()                    = 7116
[pid  7116] poll([{fd=10, events=POLLIN}], 1, 0) = 0 (Timeout)
[pid  7116] getpid()                    = 7116
[pid  7116] poll([{fd=10, events=POLLIN}], 1, 0) = 0 (Timeout)
[pid  7116] getpid()                    = 7116
[pid  7116] write(6, "\1\0\0\0\0\0\0\0", 8 <unfinished ...>
[pid  7118] <... epoll_wait resumed>[{events=EPOLLIN, data={u32=2638587040, u64=93839084070048}}], 256, -1) = 1
[pid  7116] <... write resumed>)        = 8
[pid  7118] getpid( <unfinished ...>
[pid  7116] getpid( <unfinished ...>
[pid  7118] <... getpid resumed>)       = 7116
[pid  7116] <... getpid resumed>)       = 7116
[pid  7118] poll([{fd=6, events=POLLIN}], 1, 0 <unfinished ...>
[pid  7116] poll([{fd=10, events=POLLIN}], 1, -1 <unfinished ...>
[pid  7118] <... poll resumed>)         = 1 ([{fd=6, revents=POLLIN}])
[pid  7118] getpid()                    = 7116
[pid  7118] read(6, "\1\0\0\0\0\0\0\0", 8) = 8
[pid  7118] epoll_ctl(7, EPOLL_CTL_MOD, 11, {events=EPOLLIN|EPOLLOUT, data={u32=3758101552, u64=140689706849328}}) = 0
[pid  7118] sendto(11, "\1\0\0\5OK: 1", 9, 0, NULL, 0) = 9
[pid  7094] <... epoll_wait resumed>[{events=EPOLLIN, data={u32=603982800, u64=139711595154384}}], 256, -1) = 1
[pid  7118] getpid()                    = 7116
[pid  7094] recvfrom(12,  <unfinished ...>
[pid  7118] poll([{fd=6, events=POLLIN}], 1, 0 <unfinished ...>
[pid  7094] <... recvfrom resumed>"\1\0\0\5OK: 1", 8192, 0, NULL, NULL) = 9
[pid  7094] getpid( <unfinished ...>
[pid  7118] <... poll resumed>)         = 0 (Timeout)
[pid  7118] epoll_wait(7,  <unfinished ...>
[pid  7094] <... getpid resumed>)       = 7092
[pid  7118] <... epoll_wait resumed>[{events=EPOLLOUT, data={u32=3758101552, u64=140689706849328}}], 256, -1) = 1
[pid  7118] epoll_ctl(7, EPOLL_CTL_MOD, 11, {events=EPOLLIN, data={u32=3758101552, u64=140689706849328}} <unfinished ...>
[pid  7094] write(8, "\1\0\0\0\0\0\0\0", 8 <unfinished ...>
[pid  7118] <... epoll_ctl resumed>)    = 0
[pid  7092] <... poll resumed>)         = 1 ([{fd=8, revents=POLLIN}])
[pid  7118] epoll_wait(7,  <unfinished ...>
[pid  7094] <... write resumed>)        = 8
[pid  7092] getpid( <unfinished ...>
[pid  7094] epoll_wait(7,  <unfinished ...>
[pid  7092] <... getpid resumed>)       = 7092
[pid  7092] read(8, "\1\0\0\0\0\0\0\0", 8) = 8
[pid  7092] getpid()                    = 7092
[pid  7092] poll([{fd=8, events=POLLIN}], 1, 0) = 0 (Timeout)
[pid  7092] getpid()                    = 7092
[pid  7092] poll([{fd=8, events=POLLIN}], 1, 0) = 0 (Timeout)
[pid  7092] getpid()                    = 7092
[pid  7092] write(6, "\1\0\0\0\0\0\0\0", 8) = 8
[pid  7094] <... epoll_wait resumed>[{events=EPOLLIN, data={u32=2423313568, u64=94521768596640}}], 256, -1) = 1
[pid  7092] getpid( <unfinished ...>
[pid  7094] getpid( <unfinished ...>
[pid  7092] <... getpid resumed>)       = 7092
[pid  7094] <... getpid resumed>)       = 7092
[pid  7092] poll([{fd=8, events=POLLIN}], 1, -1 <unfinished ...>
[pid  7094] poll([{fd=6, events=POLLIN}], 1, 0) = 1 ([{fd=6, revents=POLLIN}])
[pid  7094] getpid()                    = 7092
[pid  7094] read(6, "\1\0\0\0\0\0\0\0", 8) = 8
[pid  7094] epoll_ctl(7, EPOLL_CTL_MOD, 12, {events=EPOLLIN|EPOLLOUT, data={u32=603982800, u64=139711595154384}}) = 0
[pid  7094] sendto(12, "\1\0\0\rsend 5 ping 5", 17, 0, NULL, 0 <unfinished ...>
[pid  7118] <... epoll_wait resumed>[{events=EPOLLIN, data={u32=3758101552, u64=140689706849328}}], 256, -1) = 1
[pid  7094] <... sendto resumed>)       = 17
[pid  7118] recvfrom(11,  <unfinished ...>
[pid  7094] getpid( <unfinished ...>
[pid  7118] <... recvfrom resumed>"\1\0\0\rsend 5 ping 5", 8192, 0, NULL, NULL) = 17
[pid  7094] <... getpid resumed>)       = 7092
[pid  7118] getpid( <unfinished ...>
[pid  7094] poll([{fd=6, events=POLLIN}], 1, 0 <unfinished ...>
[pid  7118] <... getpid resumed>)       = 7116
[pid  7094] <... poll resumed>)         = 0 (Timeout)
[pid  7118] write(10, "\1\0\0\0\0\0\0\0", 8 <unfinished ...>
[pid  7094] epoll_wait(7,  <unfinished ...>
[pid  7118] <... write resumed>)        = 8
[pid  7116] <... poll resumed>)         = 1 ([{fd=10, revents=POLLIN}])
[pid  7094] <... epoll_wait resumed>[{events=EPOLLOUT, data={u32=603982800, u64=139711595154384}}], 256, -1) = 1
[pid  7118] epoll_wait(7,  <unfinished ...>
[pid  7116] getpid( <unfinished ...>
[pid  7094] epoll_ctl(7, EPOLL_CTL_MOD, 12, {events=EPOLLIN, data={u32=603982800, u64=139711595154384}} <unfinished ...>
[pid  7116] <... getpid resumed>)       = 7116
[pid  7094] <... epoll_ctl resumed>)    = 0
[pid  7116] read(10,  <unfinished ...>
[pid  7094] epoll_wait(7,  <unfinished ...>
[pid  7116] <... read resumed>"\1\0\0\0\0\0\0\0", 8) = 8
[pid  7116] getpid()                    = 7116
[pid  7116] poll([{fd=10, events=POLLIN}], 1, 0) = 0 (Timeout)
[pid  7116] getpid()                    = 7116
[pid  7116] poll([{fd=8, events=POLLIN}], 1, 0) = 0 (Timeout)
[pid  7116] getpid()                    = 7116
[pid  7116] write(6, "\1\0\0\0\0\0\0\0", 8 <unfinished ...>
[pid  7118] <... epoll_wait resumed>[{events=EPOLLIN, data={u32=2638587040, u64=93839084070048}}], 256, -1) = 1
[pid  7116] <... write resumed>)        = 8
[pid  7118] getpid( <unfinished ...>
[pid  7116] getpid( <unfinished ...>
[pid  7118] <... getpid resumed>)       = 7116
[pid  7116] <... getpid resumed>)       = 7116
[pid  7118] poll([{fd=6, events=POLLIN}], 1, 0 <unfinished ...>
[pid  7116] poll([{fd=8, events=POLLIN}], 1, -1 <unfinished ...>
[pid  7118] <... poll resumed>)         = 1 ([{fd=6, revents=POLLIN}])
[pid  7118] getpid()                    = 7116
[pid  7118] read(6, "\1\0\0\0\0\0\0\0", 8) = 8
[pid  7118] epoll_ctl(7, EPOLL_CTL_MOD, 13, {events=EPOLLIN|EPOLLOUT, data={u32=3758131744, u64=140689706879520}}) = 0
[pid  7118] sendto(13, "\1\0\0\6ping 5", 10, 0, NULL, 0) = 10
[pid  7247] <... epoll_wait resumed>[{events=EPOLLIN, data={u32=2617250864, u64=140229004497968}}], 256, -1) = 1
[pid  7247] recvfrom(11,  <unfinished ...>
[pid  7118] getpid( <unfinished ...>
[pid  7247] <... recvfrom resumed>"\1\0\0\6ping 5", 8192, 0, NULL, NULL) = 10
[pid  7118] <... getpid resumed>)       = 7116
[pid  7247] getpid( <unfinished ...>
[pid  7118] poll([{fd=6, events=POLLIN}], 1, 0 <unfinished ...>
[pid  7247] <... getpid resumed>)       = 7241
[pid  7118] <... poll resumed>)         = 0 (Timeout)
[pid  7247] write(10, "\1\0\0\0\0\0\0\0", 8 <unfinished ...>
[pid  7118] epoll_wait(7,  <unfinished ...>
[pid  7247] <... write resumed>)        = 8
[pid  7241] <... poll resumed>)         = 1 ([{fd=10, revents=POLLIN}])
[pid  7118] <... epoll_wait resumed>[{events=EPOLLOUT, data={u32=3758131744, u64=140689706879520}}], 256, -1) = 1
[pid  7247] epoll_wait(7,  <unfinished ...>
[pid  7241] getpid()                    = 7241
[pid  7118] epoll_ctl(7, EPOLL_CTL_MOD, 13, {events=EPOLLIN, data={u32=3758131744, u64=140689706879520}} <unfinished ...>
[pid  7241] read(10,  <unfinished ...>
[pid  7118] <... epoll_ctl resumed>)    = 0
[pid  7241] <... read resumed>"\1\0\0\0\0\0\0\0", 8) = 8
[pid  7118] epoll_wait(7,  <unfinished ...>
[pid  7241] getpid()                    = 7241
[pid  7241] poll([{fd=10, events=POLLIN}], 1, 0) = 0 (Timeout)
[pid  7241] getpid()                    = 7241
[pid  7241] poll([{fd=10, events=POLLIN}], 1, 0) = 0 (Timeout)
[pid  7241] getpid()                    = 7241
[pid  7241] write(6, "\1\0\0\0\0\0\0\0", 8 <unfinished ...>
[pid  7247] <... epoll_wait resumed>[{events=EPOLLIN, data={u32=2029925536, u64=94177777824928}}], 256, -1) = 1
[pid  7241] <... write resumed>)        = 8
[pid  7247] getpid( <unfinished ...>
[pid  7241] getpid( <unfinished ...>
[pid  7247] <... getpid resumed>)       = 7241
[pid  7241] <... getpid resumed>)       = 7241
[pid  7247] poll([{fd=6, events=POLLIN}], 1, 0 <unfinished ...>
[pid  7241] poll([{fd=10, events=POLLIN}], 1, -1 <unfinished ...>
[pid  7247] <... poll resumed>)         = 1 ([{fd=6, revents=POLLIN}])
[pid  7247] getpid()                    = 7241
[pid  7247] read(6, "\1\0\0\0\0\0\0\0", 8) = 8
[pid  7247] epoll_ctl(7, EPOLL_CTL_MOD, 11, {events=EPOLLIN|EPOLLOUT, data={u32=2617250864, u64=140229004497968}}) = 0
[pid  7247] sendto(11, "\1\0\0\5OK: 1", 9, 0, NULL, 0) = 9
[pid  7118] <... epoll_wait resumed>[{events=EPOLLIN, data={u32=3758131744, u64=140689706879520}}], 256, -1) = 1
[pid  7118] recvfrom(13, "\1\0\0\5OK: 1", 8192, 0, NULL, NULL) = 9
[pid  7247] getpid( <unfinished ...>
[pid  7118] getpid()                    = 7116
[pid  7118] write(8, "\1\0\0\0\0\0\0\0", 8 <unfinished ...>
[pid  7247] <... getpid resumed>)       = 7241
[pid  7247] poll([{fd=6, events=POLLIN}], 1, 0 <unfinished ...>
[pid  7118] <... write resumed>)        = 8
[pid  7116] <... poll resumed>)         = 1 ([{fd=8, revents=POLLIN}])
[pid  7247] <... poll resumed>)         = 0 (Timeout)
[pid  7118] epoll_wait(7,  <unfinished ...>
[pid  7116] getpid( <unfinished ...>
[pid  7247] epoll_wait(7,  <unfinished ...>
[pid  7116] <... getpid resumed>)       = 7116
[pid  7247] <... epoll_wait resumed>[{events=EPOLLOUT, data={u32=2617250864, u64=140229004497968}}], 256, -1) = 1
[pid  7116] read(8, "\1\0\0\0\0\0\0\0", 8) = 8
[pid  7247] epoll_ctl(7, EPOLL_CTL_MOD, 11, {events=EPOLLIN, data={u32=2617250864, u64=140229004497968}}) = 0
[pid  7116] getpid( <unfinished ...>
[pid  7247] epoll_wait(7,  <unfinished ...>
[pid  7116] <... getpid resumed>)       = 7116
[pid  7116] poll([{fd=8, events=POLLIN}], 1, 0) = 0 (Timeout)
[pid  7116] getpid()                    = 7116
[pid  7116] poll([{fd=8, events=POLLIN}], 1, 0) = 0 (Timeout)
[pid  7116] getpid()                    = 7116
[pid  7116] write(6, "\1\0\0\0\0\0\0\0", 8 <unfinished ...>
[pid  7118] <... epoll_wait resumed>[{events=EPOLLIN, data={u32=2638587040, u64=93839084070048}}], 256, -1) = 1
[pid  7116] <... write resumed>)        = 8
[pid  7118] getpid( <unfinished ...>
[pid  7116] getpid( <unfinished ...>
[pid  7118] <... getpid resumed>)       = 7116
[pid  7116] <... getpid resumed>)       = 7116
[pid  7118] poll([{fd=6, events=POLLIN}], 1, 0 <unfinished ...>
[pid  7116] poll([{fd=8, events=POLLIN}], 1, -1 <unfinished ...>
[pid  7118] <... poll resumed>)         = 1 ([{fd=6, revents=POLLIN}])
[pid  7118] getpid()                    = 7116
[pid  7118] read(6, "\1\0\0\0\0\0\0\0", 8) = 8
[pid  7118] epoll_ctl(7, EPOLL_CTL_MOD, 13, {events=EPOLLIN|EPOLLOUT, data={u32=3758131744, u64=140689706879520}}) = 0
[pid  7118] sendto(13, "\1\0\0\7 ping 5", 11, 0, NULL, 0 <unfinished ...>
[pid  7247] <... epoll_wait resumed>[{events=EPOLLIN, data={u32=2617250864, u64=140229004497968}}], 256, -1) = 1
[pid  7118] <... sendto resumed>)       = 11
[pid  7247] recvfrom(11,  <unfinished ...>
[pid  7118] getpid( <unfinished ...>
[pid  7247] <... recvfrom resumed>"\1\0\0\7 ping 5", 8192, 0, NULL, NULL) = 11
[pid  7118] <... getpid resumed>)       = 7116
[pid  7247] getpid( <unfinished ...>
[pid  7118] poll([{fd=6, events=POLLIN}], 1, 0 <unfinished ...>
[pid  7247] <... getpid resumed>)       = 7241
[pid  7118] <... poll resumed>)         = 0 (Timeout)
[pid  7247] write(10, "\1\0\0\0\0\0\0\0", 8 <unfinished ...>
[pid  7118] epoll_wait(7,  <unfinished ...>
[pid  7247] <... write resumed>)        = 8
[pid  7118] <... epoll_wait resumed>[{events=EPOLLOUT, data={u32=3758131744, u64=140689706879520}}], 256, -1) = 1
[pid  7241] <... poll resumed>)         = 1 ([{fd=10, revents=POLLIN}])
[pid  7247] epoll_wait(7,  <unfinished ...>
[pid  7241] getpid( <unfinished ...>
[pid  7118] epoll_ctl(7, EPOLL_CTL_MOD, 13, {events=EPOLLIN, data={u32=3758131744, u64=140689706879520}} <unfinished ...>
[pid  7241] <... getpid resumed>)       = 7241
[pid  7118] <... epoll_ctl resumed>)    = 0
[pid  7241] read(10,  <unfinished ...>
[pid  7118] epoll_wait(7,  <unfinished ...>
[pid  7241] <... read resumed>"\1\0\0\0\0\0\0\0", 8) = 8
[pid  7241] getpid()                    = 7241
[pid  7241] poll([{fd=10, events=POLLIN}], 1, 0) = 0 (Timeout)
[pid  7241] getpid()                    = 7241
[pid  7241] poll([{fd=10, events=POLLIN}], 1, 0) = 0 (Timeout)
[pid  7241] getpid()                    = 7241
[pid  7241] write(6, "\1\0\0\0\0\0\0\0", 8) = 8
[pid  7241] getpid()                    = 7241
[pid  7241] poll([{fd=10, events=POLLIN}], 1, -1 <unfinished ...>
[pid  7247] <... epoll_wait resumed>[{events=EPOLLIN, data={u32=2029925536, u64=94177777824928}}], 256, -1) = 1
[pid  7247] getpid()                    = 7241
[pid  7247] poll([{fd=6, events=POLLIN}], 1, 0) = 1 ([{fd=6, revents=POLLIN}])
[pid  7247] getpid()                    = 7241
[pid  7247] read(6, "\1\0\0\0\0\0\0\0", 8) = 8
[pid  7247] epoll_ctl(7, EPOLL_CTL_MOD, 11, {events=EPOLLIN|EPOLLOUT, data={u32=2617250864, u64=140229004497968}}) = 0
[pid  7247] sendto(11, "\1\0\0\5OK: 1", 9, 0, NULL, 0) = 9
[pid  7118] <... epoll_wait resumed>[{events=EPOLLIN, data={u32=3758131744, u64=140689706879520}}], 256, -1) = 1
[pid  7247] getpid( <unfinished ...>
[pid  7118] recvfrom(13,  <unfinished ...>
[pid  7247] <... getpid resumed>)       = 7241
[pid  7118] <... recvfrom resumed>"\1\0\0\5OK: 1", 8192, 0, NULL, NULL) = 9
[pid  7247] poll([{fd=6, events=POLLIN}], 1, 0 <unfinished ...>
[pid  7118] getpid( <unfinished ...>
[pid  7247] <... poll resumed>)         = 0 (Timeout)
[pid  7118] <... getpid resumed>)       = 7116
[pid  7247] epoll_wait(7,  <unfinished ...>
[pid  7118] write(8, "\1\0\0\0\0\0\0\0", 8 <unfinished ...>
[pid  7247] <... epoll_wait resumed>[{events=EPOLLOUT, data={u32=2617250864, u64=140229004497968}}], 256, -1) = 1
[pid  7118] <... write resumed>)        = 8
[pid  7247] epoll_ctl(7, EPOLL_CTL_MOD, 11, {events=EPOLLIN, data={u32=2617250864, u64=140229004497968}} <unfinished ...>
[pid  7118] epoll_wait(7,  <unfinished ...>
[pid  7247] <... epoll_ctl resumed>)    = 0
[pid  7247] epoll_wait(7,  <unfinished ...>
[pid  7116] <... poll resumed>)         = 1 ([{fd=8, revents=POLLIN}])
[pid  7116] getpid()                    = 7116
[pid  7116] read(8, "\1\0\0\0\0\0\0\0", 8) = 8
[pid  7116] getpid()                    = 7116
[pid  7116] poll([{fd=8, events=POLLIN}], 1, 0) = 0 (Timeout)
[pid  7116] getpid()                    = 7116
[pid  7116] poll([{fd=10, events=POLLIN}], 1, 0) = 0 (Timeout)
[pid  7116] getpid()                    = 7116
[pid  7116] write(6, "\1\0\0\0\0\0\0\0", 8 <unfinished ...>
[pid  7118] <... epoll_wait resumed>[{events=EPOLLIN, data={u32=2638587040, u64=93839084070048}}], 256, -1) = 1
[pid  7116] <... write resumed>)        = 8
[pid  7118] getpid( <unfinished ...>
[pid  7116] getpid( <unfinished ...>
[pid  7118] <... getpid resumed>)       = 7116
[pid  7116] <... getpid resumed>)       = 7116
[pid  7118] poll([{fd=6, events=POLLIN}], 1, 0) = 1 ([{fd=6, revents=POLLIN}])
[pid  7116] poll([{fd=10, events=POLLIN}], 1, -1 <unfinished ...>
[pid  7118] getpid()                    = 7116
[pid  7118] read(6, "\1\0\0\0\0\0\0\0", 8) = 8
[pid  7118] epoll_ctl(7, EPOLL_CTL_MOD, 11, {events=EPOLLIN|EPOLLOUT, data={u32=3758101552, u64=140689706849328}}) = 0
[pid  7118] sendto(11, "\1\0\0\5OK: 1", 9, 0, NULL, 0) = 9
[pid  7094] <... epoll_wait resumed>[{events=EPOLLIN, data={u32=603982800, u64=139711595154384}}], 256, -1) = 1
[pid  7118] getpid( <unfinished ...>
[pid  7094] recvfrom(12,  <unfinished ...>
[pid  7118] <... getpid resumed>)       = 7116
[pid  7118] poll([{fd=6, events=POLLIN}], 1, 0 <unfinished ...>
[pid  7094] <... recvfrom resumed>"\1\0\0\5OK: 1", 8192, 0, NULL, NULL) = 9
[pid  7118] <... poll resumed>)         = 0 (Timeout)
[pid  7094] getpid( <unfinished ...>
[pid  7118] epoll_wait(7,  <unfinished ...>
[pid  7094] <... getpid resumed>)       = 7092
[pid  7118] <... epoll_wait resumed>[{events=EPOLLOUT, data={u32=3758101552, u64=140689706849328}}], 256, -1) = 1
[pid  7094] write(8, "\1\0\0\0\0\0\0\0", 8 <unfinished ...>
[pid  7092] <... poll resumed>)         = 1 ([{fd=8, revents=POLLIN}])
[pid  7118] epoll_ctl(7, EPOLL_CTL_MOD, 11, {events=EPOLLIN, data={u32=3758101552, u64=140689706849328}} <unfinished ...>
[pid  7094] <... write resumed>)        = 8
[pid  7092] getpid()                    = 7092
[pid  7118] <... epoll_ctl resumed>)    = 0
[pid  7094] epoll_wait(7,  <unfinished ...>
[pid  7092] read(8,  <unfinished ...>
[pid  7118] epoll_wait(7,  <unfinished ...>
[pid  7092] <... read resumed>"\1\0\0\0\0\0\0\0", 8) = 8
[pid  7092] getpid()                    = 7092
[pid  7092] poll([{fd=8, events=POLLIN}], 1, 0) = 0 (Timeout)
[pid  7092] getpid()                    = 7092
[pid  7092] poll([{fd=9, events=POLLIN}], 1, 0) = 0 (Timeout)
[pid  7092] getpid()                    = 7092
[pid  7092] write(6, "\1\0\0\0\0\0\0\0", 8) = 8
[pid  7094] <... epoll_wait resumed>[{events=EPOLLIN, data={u32=2423313568, u64=94521768596640}}], 256, -1) = 1
[pid  7092] getpid( <unfinished ...>
[pid  7094] getpid( <unfinished ...>
[pid  7092] <... getpid resumed>)       = 7092
[pid  7094] <... getpid resumed>)       = 7092
[pid  7092] poll([{fd=9, events=POLLIN}], 1, -1 <unfinished ...>
[pid  7094] poll([{fd=6, events=POLLIN}], 1, 0) = 1 ([{fd=6, revents=POLLIN}])
[pid  7094] getpid()                    = 7092
[pid  7094] read(6, "\1\0\0\0\0\0\0\0", 8) = 8
[pid  7094] epoll_ctl(7, EPOLL_CTL_MOD, 14, {events=EPOLLIN|EPOLLOUT, data={u32=604049568, u64=139711595221152}}) = 0
[pid  7094] sendto(14, "\1\0\0\6ping 3", 10, 0, NULL, 0 <unfinished ...>
[pid  7218] <... epoll_wait resumed>[{events=EPOLLIN, data={u32=2147488816, u64=140383153558576}}], 256, -1) = 1
[pid  7094] <... sendto resumed>)       = 10
[pid  7218] recvfrom(11,  <unfinished ...>
[pid  7094] getpid()                    = 7092
[pid  7218] <... recvfrom resumed>"\1\0\0\6ping 3", 8192, 0, NULL, NULL) = 10
[pid  7094] poll([{fd=6, events=POLLIN}], 1, 0 <unfinished ...>
[pid  7218] getpid( <unfinished ...>
[pid  7094] <... poll resumed>)         = 0 (Timeout)
[pid  7218] <... getpid resumed>)       = 7216
[pid  7218] write(10, "\1\0\0\0\0\0\0\0", 8 <unfinished ...>
[pid  7094] epoll_wait(7,  <unfinished ...>
[pid  7218] <... write resumed>)        = 8
[pid  7216] <... poll resumed>)         = 1 ([{fd=10, revents=POLLIN}])
[pid  7094] <... epoll_wait resumed>[{events=EPOLLOUT, data={u32=604049568, u64=139711595221152}}], 256, -1) = 1
[pid  7218] epoll_wait(7,  <unfinished ...>
[pid  7216] getpid( <unfinished ...>
[pid  7094] epoll_ctl(7, EPOLL_CTL_MOD, 14, {events=EPOLLIN, data={u32=604049568, u64=139711595221152}} <unfinished ...>
[pid  7216] <... getpid resumed>)       = 7216
[pid  7094] <... epoll_ctl resumed>)    = 0
[pid  7216] read(10,  <unfinished ...>
[pid  7094] epoll_wait(7,  <unfinished ...>
[pid  7216] <... read resumed>"\1\0\0\0\0\0\0\0", 8) = 8
[pid  7216] getpid()                    = 7216
[pid  7216] poll([{fd=10, events=POLLIN}], 1, 0) = 0 (Timeout)
[pid  7216] getpid()                    = 7216
[pid  7216] poll([{fd=10, events=POLLIN}], 1, 0) = 0 (Timeout)
[pid  7216] getpid()                    = 7216
[pid  7216] write(6, "\1\0\0\0\0\0\0\0", 8 <unfinished ...>
[pid  7218] <... epoll_wait resumed>[{events=EPOLLIN, data={u32=3762619552, u64=94497338098848}}], 256, -1) = 1
[pid  7216] <... write resumed>)        = 8
[pid  7218] getpid( <unfinished ...>
[pid  7216] getpid( <unfinished ...>
[pid  7218] <... getpid resumed>)       = 7216
[pid  7216] <... getpid resumed>)       = 7216
[pid  7218] poll([{fd=6, events=POLLIN}], 1, 0 <unfinished ...>
[pid  7216] poll([{fd=10, events=POLLIN}], 1, -1 <unfinished ...>
[pid  7218] <... poll resumed>)         = 1 ([{fd=6, revents=POLLIN}])
[pid  7218] getpid()                    = 7216
[pid  7218] read(6, "\1\0\0\0\0\0\0\0", 8) = 8
[pid  7218] epoll_ctl(7, EPOLL_CTL_MOD, 11, {events=EPOLLIN|EPOLLOUT, data={u32=2147488816, u64=140383153558576}}) = 0
[pid  7218] sendto(11, "\1\0\0\5OK: 1", 9, 0, NULL, 0) = 9
[pid  7094] <... epoll_wait resumed>[{events=EPOLLIN, data={u32=604049568, u64=139711595221152}}], 256, -1) = 1
[pid  7218] getpid( <unfinished ...>
[pid  7094] recvfrom(14,  <unfinished ...>
[pid  7218] <... getpid resumed>)       = 7216
[pid  7094] <... recvfrom resumed>"\1\0\0\5OK: 1", 8192, 0, NULL, NULL) = 9
[pid  7218] poll([{fd=6, events=POLLIN}], 1, 0 <unfinished ...>
[pid  7094] getpid( <unfinished ...>
[pid  7218] <... poll resumed>)         = 0 (Timeout)
[pid  7094] <... getpid resumed>)       = 7092
[pid  7218] epoll_wait(7,  <unfinished ...>
[pid  7094] write(9, "\1\0\0\0\0\0\0\0", 8 <unfinished ...>
[pid  7218] <... epoll_wait resumed>[{events=EPOLLOUT, data={u32=2147488816, u64=140383153558576}}], 256, -1) = 1
[pid  7094] <... write resumed>)        = 8
[pid  7092] <... poll resumed>)         = 1 ([{fd=9, revents=POLLIN}])
[pid  7218] epoll_ctl(7, EPOLL_CTL_MOD, 11, {events=EPOLLIN, data={u32=2147488816, u64=140383153558576}} <unfinished ...>
[pid  7094] epoll_wait(7,  <unfinished ...>
[pid  7092] getpid( <unfinished ...>
[pid  7218] <... epoll_ctl resumed>)    = 0
[pid  7092] <... getpid resumed>)       = 7092
[pid  7218] epoll_wait(7,  <unfinished ...>
[pid  7092] read(9, "\1\0\0\0\0\0\0\0", 8) = 8
[pid  7092] getpid()                    = 7092
[pid  7092] poll([{fd=9, events=POLLIN}], 1, 0) = 0 (Timeout)
[pid  7092] getpid()                    = 7092
[pid  7092] poll([{fd=9, events=POLLIN}], 1, 0) = 0 (Timeout)
[pid  7092] getpid()                    = 7092
[pid  7092] write(6, "\1\0\0\0\0\0\0\0", 8) = 8
[pid  7094] <... epoll_wait resumed>[{events=EPOLLIN, data={u32=2423313568, u64=94521768596640}}], 256, -1) = 1
[pid  7092] getpid( <unfinished ...>
[pid  7094] getpid()                    = 7092
[pid  7094] poll([{fd=6, events=POLLIN}], 1, 0 <unfinished ...>
[pid  7092] <... getpid resumed>)       = 7092
[pid  7094] <... poll resumed>)         = 1 ([{fd=6, revents=POLLIN}])
[pid  7092] poll([{fd=9, events=POLLIN}], 1, -1 <unfinished ...>
[pid  7094] getpid()                    = 7092
[pid  7094] read(6, "\1\0\0\0\0\0\0\0", 8) = 8
[pid  7094] epoll_ctl(7, EPOLL_CTL_MOD, 14, {events=EPOLLIN|EPOLLOUT, data={u32=604049568, u64=139711595221152}}) = 0
[pid  7094] sendto(14, "\1\0\0\rsend 5 ping 5", 17, 0, NULL, 0 <unfinished ...>
[pid  7218] <... epoll_wait resumed>[{events=EPOLLIN, data={u32=2147488816, u64=140383153558576}}], 256, -1) = 1
[pid  7094] <... sendto resumed>)       = 17
[pid  7218] recvfrom(11,  <unfinished ...>
[pid  7094] getpid( <unfinished ...>
[pid  7218] <... recvfrom resumed>"\1\0\0\rsend 5 ping 5", 8192, 0, NULL, NULL) = 17
[pid  7094] <... getpid resumed>)       = 7092
[pid  7218] getpid( <unfinished ...>
[pid  7094] poll([{fd=6, events=POLLIN}], 1, 0 <unfinished ...>
[pid  7218] <... getpid resumed>)       = 7216
[pid  7094] <... poll resumed>)         = 0 (Timeout)
[pid  7218] write(10, "\1\0\0\0\0\0\0\0", 8 <unfinished ...>
[pid  7094] epoll_wait(7,  <unfinished ...>
[pid  7218] <... write resumed>)        = 8
[pid  7216] <... poll resumed>)         = 1 ([{fd=10, revents=POLLIN}])
[pid  7094] <... epoll_wait resumed>[{events=EPOLLOUT, data={u32=604049568, u64=139711595221152}}], 256, -1) = 1
[pid  7216] getpid()                    = 7216
[pid  7216] read(10,  <unfinished ...>
[pid  7218] epoll_wait(7,  <unfinished ...>
[pid  7216] <... read resumed>"\1\0\0\0\0\0\0\0", 8) = 8
[pid  7094] epoll_ctl(7, EPOLL_CTL_MOD, 14, {events=EPOLLIN, data={u32=604049568, u64=139711595221152}} <unfinished ...>
[pid  7216] getpid()                    = 7216
[pid  7216] poll([{fd=10, events=POLLIN}], 1, 0 <unfinished ...>
[pid  7094] <... epoll_ctl resumed>)    = 0
[pid  7216] <... poll resumed>)         = 0 (Timeout)
[pid  7216] getpid()                    = 7216
[pid  7216] poll([{fd=10, events=POLLIN}], 1, 0) = 0 (Timeout)
[pid  7216] getpid()                    = 7216
[pid  7094] epoll_wait(7,  <unfinished ...>
[pid  7216] write(6, "\1\0\0\0\0\0\0\0", 8) = 8
[pid  7216] getpid()                    = 7216
[pid  7216] poll([{fd=10, events=POLLIN}], 1, -1 <unfinished ...>
[pid  7218] <... epoll_wait resumed>[{events=EPOLLIN, data={u32=3762619552, u64=94497338098848}}], 256, -1) = 1
[pid  7218] getpid()                    = 7216
[pid  7218] poll([{fd=6, events=POLLIN}], 1, 0) = 1 ([{fd=6, revents=POLLIN}])
[pid  7218] getpid()                    = 7216
[pid  7218] read(6, "\1\0\0\0\0\0\0\0", 8) = 8
[pid  7218] epoll_ctl(7, EPOLL_CTL_MOD, 11, {events=EPOLLIN|EPOLLOUT, data={u32=2147488816, u64=140383153558576}}) = 0
[pid  7218] sendto(11, "\1\0\0\26Error: id is not found", 26, 0, NULL, 0) = 26
[pid  7094] <... epoll_wait resumed>[{events=EPOLLIN, data={u32=604049568, u64=139711595221152}}], 256, -1) = 1
[pid  7218] getpid( <unfinished ...>
[pid  7094] recvfrom(14,  <unfinished ...>
[pid  7218] <... getpid resumed>)       = 7216
[pid  7218] poll([{fd=6, events=POLLIN}], 1, 0 <unfinished ...>
[pid  7094] <... recvfrom resumed>"\1\0\0\26Error: id is not found", 8192, 0, NULL, NULL) = 26
[pid  7218] <... poll resumed>)         = 0 (Timeout)
[pid  7094] getpid( <unfinished ...>
[pid  7218] epoll_wait(7,  <unfinished ...>
[pid  7094] <... getpid resumed>)       = 7092
[pid  7218] <... epoll_wait resumed>[{events=EPOLLOUT, data={u32=2147488816, u64=140383153558576}}], 256, -1) = 1
[pid  7094] write(9, "\1\0\0\0\0\0\0\0", 8 <unfinished ...>
[pid  7218] epoll_ctl(7, EPOLL_CTL_MOD, 11, {events=EPOLLIN, data={u32=2147488816, u64=140383153558576}} <unfinished ...>
[pid  7094] <... write resumed>)        = 8
[pid  7092] <... poll resumed>)         = 1 ([{fd=9, revents=POLLIN}])
[pid  7092] getpid( <unfinished ...>
[pid  7218] <... epoll_ctl resumed>)    = 0
[pid  7094] epoll_wait(7,  <unfinished ...>
[pid  7092] <... getpid resumed>)       = 7092
[pid  7218] epoll_wait(7,  <unfinished ...>
[pid  7092] read(9, "\1\0\0\0\0\0\0\0", 8) = 8
[pid  7092] getpid()                    = 7092
[pid  7092] poll([{fd=9, events=POLLIN}], 1, 0) = 0 (Timeout)
[pid  7092] write(1, "(5) => OK: 1\n", 13) = 13
[pid  7092] clock_nanosleep(CLOCK_REALTIME, 0, {tv_sec=0, tv_nsec=2000000}, NULL) = 0
[pid  7092] getpid()                    = 7092
