[pid  7247] <... epoll_wait resumed>[{events=EPOLLIN, data={u32=2617250864, u64=140229004497968}}], 256, -1) = 1
[pid  7118] <... sendto resumed>)       = 18
[pid  7247] recvfrom(11, "\1\0\0\16 exec  3 3 4 6", 8192, 0, NULL, NULL) = 18
[pid  7118] getpid( <unfinished ...>
[pid  7247] getpid( <unfinished ...>
[pid  7118] <... getpid resumed>)       = 7116
[pid  7247] <... getpid resumed>)       = 7241
[pid  7118] poll([{fd=6, events=POLLIN}], 1, 0 <unfinished ...>
[pid  7247] write(10, "\1\0\0\0\0\0\0\0", 8) = 8
[pid  7241] <... poll resumed>)         = 1 ([{fd=10, revents=POLLIN}])
[pid  7118] <... poll resumed>)         = 0 (Timeout)
[pid  7241] getpid()                    = 7241
[pid  7241] read(10, "\1\0\0\0\0\0\0\0", 8) = 8
[pid  7241] getpid()                    = 7241
[pid  7241] poll([{fd=10, events=POLLIN}], 1, 0 <unfinished ...>
[pid  7118] epoll_wait(7,  <unfinished ...>
[pid  7241] <... poll resumed>)         = 0 (Timeout)
[pid  7247] epoll_wait(7,  <unfinished ...>
[pid  7241] getpid()                    = 7241
[pid  7118] <... epoll_wait resumed>[{events=EPOLLOUT, data={u32=3758131744, u64=140689706879520}}], 256, -1) = 1
[pid  7241] poll([{fd=10, events=POLLIN}], 1, 0) = 0 (Timeout)
[pid  7241] getpid()                    = 7241
[pid  7241] write(6, "\1\0\0\0\0\0\0\0", 8) = 8
[pid  7118] epoll_ctl(7, EPOLL_CTL_MOD, 13, {events=EPOLLIN, data={u32=3758131744, u64=140689706879520}} <unfinished ...>
[pid  7241] getpid( <unfinished ...>
[pid  7247] <... epoll_wait resumed>[{events=EPOLLIN, data={u32=2029925536, u64=94177777824928}}], 256, -1) = 1
[pid  7241] <... getpid resumed>)       = 7241
[pid  7241] poll([{fd=10, events=POLLIN}], 1, -1 <unfinished ...>
[pid  7118] <... epoll_ctl resumed>)    = 0
[pid  7247] getpid( <unfinished ...>
[pid  7118] epoll_wait(7,  <unfinished ...>
[pid  7247] <... getpid resumed>)       = 7241
[pid  7247] poll([{fd=6, events=POLLIN}], 1, 0) = 1 ([{fd=6, revents=POLLIN}])
[pid  7247] getpid()                    = 7241
[pid  7247] read(6, "\1\0\0\0\0\0\0\0", 8) = 8
[pid  7247] epoll_ctl(7, EPOLL_CTL_MOD, 11, {events=EPOLLIN|EPOLLOUT, data={u32=2617250864, u64=140229004497968}}) = 0
[pid  7247] sendto(11, "\1\0\0\tOK: 5: 13", 13, 0, NULL, 0) = 13
[pid  7118] <... epoll_wait resumed>[{events=EPOLLIN, data={u32=3758131744, u64=140689706879520}}], 256, -1) = 1
[pid  7247] getpid( <unfinished ...>
[pid  7118] recvfrom(13,  <unfinished ...>
[pid  7247] <... getpid resumed>)       = 7241
[pid  7118] <... recvfrom resumed>"\1\0\0\tOK: 5: 13", 8192, 0, NULL, NULL) = 13
[pid  7247] poll([{fd=6, events=POLLIN}], 1, 0) = 0 (Timeout)
[pid  7118] getpid( <unfinished ...>
[pid  7247] epoll_wait(7,  <unfinished ...>
[pid  7118] <... getpid resumed>)       = 7116
[pid  7247] <... epoll_wait resumed>[{events=EPOLLOUT, data={u32=2617250864, u64=140229004497968}}], 256, -1) = 1
[pid  7118] write(8, "\1\0\0\0\0\0\0\0", 8 <unfinished ...>
[pid  7247] epoll_ctl(7, EPOLL_CTL_MOD, 11, {events=EPOLLIN, data={u32=2617250864, u64=140229004497968}} <unfinished ...>
[pid  7118] <... write resumed>)        = 8
[pid  7116] <... poll resumed>)         = 1 ([{fd=8, revents=POLLIN}])
[pid  7247] <... epoll_ctl resumed>)    = 0
[pid  7118] epoll_wait(7,  <unfinished ...>
[pid  7116] getpid( <unfinished ...>
[pid  7247] epoll_wait(7,  <unfinished ...>
[pid  7116] <... getpid resumed>)       = 7116
[pid  7116] read(8, "\1\0\0\0\0\0\0\0", 8) = 8
[pid  7116] getpid()                    = 7116
[pid  7116] poll([{fd=8, events=POLLIN}], 1, 0) = 0 (Timeout)
[pid  7116] getpid()                    = 7116
[pid  7116] poll([{fd=10, events=POLLIN}], 1, 0) = 0 (Timeout)
[pid  7116] getpid()                    = 7116
[pid  7116] write(6, "\1\0\0\0\0\0\0\0", 8 <unfinished ...>
[pid  7118] <... epoll_wait resumed>[{events=EPOLLIN, data={u32=2638587040, u64=93839084070048}}], 256, -1) = 1
[pid  7116] <... write resumed>)        = 8
[pid  7118] getpid( <unfinished ...>
[pid  7116] getpid( <unfinished ...>
[pid  7118] <... getpid resumed>)       = 7116
[pid  7118] poll([{fd=6, events=POLLIN}], 1, 0 <unfinished ...>
[pid  7116] <... getpid resumed>)       = 7116
[pid  7118] <... poll resumed>)         = 1 ([{fd=6, revents=POLLIN}])
[pid  7116] poll([{fd=10, events=POLLIN}], 1, -1 <unfinished ...>
[pid  7118] getpid()                    = 7116
[pid  7118] read(6, "\1\0\0\0\0\0\0\0", 8) = 8
[pid  7118] epoll_ctl(7, EPOLL_CTL_MOD, 11, {events=EPOLLIN|EPOLLOUT, data={u32=3758101552, u64=140689706849328}}) = 0
[pid  7118] sendto(11, "\1\0\0\tOK: 5: 13", 13, 0, NULL, 0) = 13
[pid  7094] <... epoll_wait resumed>[{events=EPOLLIN, data={u32=603982800, u64=139711595154384}}], 256, -1) = 1
[pid  7118] getpid()                    = 7116
[pid  7094] recvfrom(12,  <unfinished ...>
[pid  7118] poll([{fd=6, events=POLLIN}], 1, 0 <unfinished ...>
[pid  7094] <... recvfrom resumed>"\1\0\0\tOK: 5: 13", 8192, 0, NULL, NULL) = 13
[pid  7118] <... poll resumed>)         = 0 (Timeout)
[pid  7118] epoll_wait(7,  <unfinished ...>
[pid  7094] getpid( <unfinished ...>
[pid  7118] <... epoll_wait resumed>[{events=EPOLLOUT, data={u32=3758101552, u64=140689706849328}}], 256, -1) = 1
[pid  7118] epoll_ctl(7, EPOLL_CTL_MOD, 11, {events=EPOLLIN, data={u32=3758101552, u64=140689706849328}} <unfinished ...>
[pid  7094] <... getpid resumed>)       = 7092
[pid  7118] <... epoll_ctl resumed>)    = 0
[pid  7094] write(8, "\1\0\0\0\0\0\0\0", 8 <unfinished ...>
[pid  7118] epoll_wait(7,  <unfinished ...>
[pid  7092] <... poll resumed>)         = 1 ([{fd=8, revents=POLLIN}])
[pid  7094] <... write resumed>)        = 8
[pid  7092] getpid( <unfinished ...>
[pid  7094] epoll_wait(7,  <unfinished ...>
[pid  7092] <... getpid resumed>)       = 7092
[pid  7092] read(8, "\1\0\0\0\0\0\0\0", 8) = 8
[pid  7092] getpid()                    = 7092
[pid  7092] poll([{fd=8, events=POLLIN}], 1, 0) = 0 (Timeout)
[pid  7092] getpid()                    = 7092
[pid  7092] poll([{fd=9, events=POLLIN}], 1, 0) = 0 (Timeout)
[pid  7092] getpid()                    = 7092
[pid  7092] write(6, "\1\0\0\0\0\0\0\0", 8) = 8
[pid  7094] <... epoll_wait resumed>[{events=EPOLLIN, data={u32=2423313568, u64=94521768596640}}], 256, -1) = 1
[pid  7094] getpid()                    = 7092
[pid  7092] getpid( <unfinished ...>
[pid  7094] poll([{fd=6, events=POLLIN}], 1, 0) = 1 ([{fd=6, revents=POLLIN}])
[pid  7092] <... getpid resumed>)       = 7092
[pid  7092] poll([{fd=9, events=POLLIN}], 1, -1 <unfinished ...>
[pid  7094] getpid()                    = 7092
[pid  7094] read(6, "\1\0\0\0\0\0\0\0", 8) = 8
[pid  7094] epoll_ctl(7, EPOLL_CTL_MOD, 14, {events=EPOLLIN|EPOLLOUT, data={u32=604049568, u64=139711595221152}}) = 0
[pid  7094] sendto(14, "\1\0\0\6ping 3", 10, 0, NULL, 0 <unfinished ...>
[pid  7218] <... epoll_wait resumed>[{events=EPOLLIN, data={u32=2147488816, u64=140383153558576}}], 256, -1) = 1
[pid  7094] <... sendto resumed>)       = 10
[pid  7218] recvfrom(11,  <unfinished ...>
[pid  7094] getpid( <unfinished ...>
[pid  7218] <... recvfrom resumed>"\1\0\0\6ping 3", 8192, 0, NULL, NULL) = 10
[pid  7094] <... getpid resumed>)       = 7092
[pid  7218] getpid()                    = 7216
[pid  7094] poll([{fd=6, events=POLLIN}], 1, 0 <unfinished ...>
[pid  7218] write(10, "\1\0\0\0\0\0\0\0", 8 <unfinished ...>
[pid  7094] <... poll resumed>)         = 0 (Timeout)
[pid  7218] <... write resumed>)        = 8
[pid  7216] <... poll resumed>)         = 1 ([{fd=10, revents=POLLIN}])
[pid  7094] epoll_wait(7,  <unfinished ...>
[pid  7218] epoll_wait(7,  <unfinished ...>
[pid  7216] getpid( <unfinished ...>
[pid  7094] <... epoll_wait resumed>[{events=EPOLLOUT, data={u32=604049568, u64=139711595221152}}], 256, -1) = 1
[pid  7216] <... getpid resumed>)       = 7216
[pid  7216] read(10,  <unfinished ...>
[pid  7094] epoll_ctl(7, EPOLL_CTL_MOD, 14, {events=EPOLLIN, data={u32=604049568, u64=139711595221152}} <unfinished ...>
[pid  7216] <... read resumed>"\1\0\0\0\0\0\0\0", 8) = 8
[pid  7216] getpid( <unfinished ...>
[pid  7094] <... epoll_ctl resumed>)    = 0
[pid  7216] <... getpid resumed>)       = 7216
[pid  7094] epoll_wait(7,  <unfinished ...>
[pid  7216] poll([{fd=10, events=POLLIN}], 1, 0) = 0 (Timeout)
[pid  7216] getpid()                    = 7216
[pid  7216] poll([{fd=10, events=POLLIN}], 1, 0) = 0 (Timeout)
[pid  7216] getpid()                    = 7216
[pid  7216] write(6, "\1\0\0\0\0\0\0\0", 8 <unfinished ...>
[pid  7218] <... epoll_wait resumed>[{events=EPOLLIN, data={u32=3762619552, u64=94497338098848}}], 256, -1) = 1
[pid  7216] <... write resumed>)        = 8
[pid  7218] getpid( <unfinished ...>
[pid  7216] getpid( <unfinished ...>
[pid  7218] <... getpid resumed>)       = 7216
[pid  7218] poll([{fd=6, events=POLLIN}], 1, 0 <unfinished ...>
[pid  7216] <... getpid resumed>)       = 7216
[pid  7218] <... poll resumed>)         = 1 ([{fd=6, revents=POLLIN}])
[pid  7216] poll([{fd=10, events=POLLIN}], 1, -1 <unfinished ...>
[pid  7218] getpid()                    = 7216
[pid  7218] read(6, "\1\0\0\0\0\0\0\0", 8) = 8
[pid  7218] epoll_ctl(7, EPOLL_CTL_MOD, 11, {events=EPOLLIN|EPOLLOUT, data={u32=2147488816, u64=140383153558576}}) = 0
[pid  7218] sendto(11, "\1\0\0\5OK: 1", 9, 0, NULL, 0) = 9
[pid  7094] <... epoll_wait resumed>[{events=EPOLLIN, data={u32=604049568, u64=139711595221152}}], 256, -1) = 1
[pid  7218] getpid( <unfinished ...>
[pid  7094] recvfrom(14,  <unfinished ...>
[pid  7218] <... getpid resumed>)       = 7216
[pid  7094] <... recvfrom resumed>"\1\0\0\5OK: 1", 8192, 0, NULL, NULL) = 9
[pid  7218] poll([{fd=6, events=POLLIN}], 1, 0) = 0 (Timeout)
[pid  7094] getpid( <unfinished ...>
[pid  7218] epoll_wait(7,  <unfinished ...>
[pid  7094] <... getpid resumed>)       = 7092
[pid  7218] <... epoll_wait resumed>[{events=EPOLLOUT, data={u32=2147488816, u64=140383153558576}}], 256, -1) = 1
[pid  7094] write(9, "\1\0\0\0\0\0\0\0", 8 <unfinished ...>
[pid  7218] epoll_ctl(7, EPOLL_CTL_MOD, 11, {events=EPOLLIN, data={u32=2147488816, u64=140383153558576}} <unfinished ...>
[pid  7094] <... write resumed>)        = 8
[pid  7092] <... poll resumed>)         = 1 ([{fd=9, revents=POLLIN}])
[pid  7218] <... epoll_ctl resumed>)    = 0
[pid  7092] getpid( <unfinished ...>
[pid  7218] epoll_wait(7,  <unfinished ...>
[pid  7094] epoll_wait(7,  <unfinished ...>
[pid  7092] <... getpid resumed>)       = 7092
[pid  7092] read(9, "\1\0\0\0\0\0\0\0", 8) = 8
[pid  7092] getpid()                    = 7092
[pid  7092] poll([{fd=9, events=POLLIN}], 1, 0) = 0 (Timeout)
[pid  7092] getpid()                    = 7092
[pid  7092] poll([{fd=9, events=POLLIN}], 1, 0) = 0 (Timeout)
[pid  7092] getpid()                    = 7092
[pid  7092] write(6, "\1\0\0\0\0\0\0\0", 8) = 8
[pid  7094] <... epoll_wait resumed>[{events=EPOLLIN, data={u32=2423313568, u64=94521768596640}}], 256, -1) = 1
[pid  7092] getpid( <unfinished ...>
[pid  7094] getpid( <unfinished ...>
[pid  7092] <... getpid resumed>)       = 7092
[pid  7094] <... getpid resumed>)       = 7092
[pid  7092] poll([{fd=9, events=POLLIN}], 1, -1 <unfinished ...>
[pid  7094] poll([{fd=6, events=POLLIN}], 1, 0) = 1 ([{fd=6, revents=POLLIN}])
[pid  7094] getpid()                    = 7092
[pid  7094] read(6, "\1\0\0\0\0\0\0\0", 8) = 8
[pid  7094] epoll_ctl(7, EPOLL_CTL_MOD, 14, {events=EPOLLIN|EPOLLOUT, data={u32=604049568, u64=139711595221152}}) = 0
[pid  7094] sendto(14, "\1\0\0\24send 5 exec  3 3 4 6", 24, 0, NULL, 0 <unfinished ...>
[pid  7218] <... epoll_wait resumed>[{events=EPOLLIN, data={u32=2147488816, u64=140383153558576}}], 256, -1) = 1
[pid  7094] <... sendto resumed>)       = 24
[pid  7218] recvfrom(11,  <unfinished ...>
[pid  7094] getpid( <unfinished ...>
[pid  7218] <... recvfrom resumed>"\1\0\0\24send 5 exec  3 3 4 6", 8192, 0, NULL, NULL) = 24
[pid  7094] <... getpid resumed>)       = 7092
[pid  7218] getpid( <unfinished ...>
[pid  7094] poll([{fd=6, events=POLLIN}], 1, 0 <unfinished ...>
[pid  7218] <... getpid resumed>)       = 7216
[pid  7094] <... poll resumed>)         = 0 (Timeout)
[pid  7218] write(10, "\1\0\0\0\0\0\0\0", 8 <unfinished ...>
[pid  7094] epoll_wait(7,  <unfinished ...>
[pid  7218] <... write resumed>)        = 8
[pid  7216] <... poll resumed>)         = 1 ([{fd=10, revents=POLLIN}])
[pid  7094] <... epoll_wait resumed>[{events=EPOLLOUT, data={u32=604049568, u64=139711595221152}}], 256, -1) = 1
[pid  7218] epoll_wait(7,  <unfinished ...>
[pid  7216] getpid()                    = 7216
[pid  7094] epoll_ctl(7, EPOLL_CTL_MOD, 14, {events=EPOLLIN, data={u32=604049568, u64=139711595221152}} <unfinished ...>
[pid  7216] read(10,  <unfinished ...>
[pid  7094] <... epoll_ctl resumed>)    = 0
[pid  7216] <... read resumed>"\1\0\0\0\0\0\0\0", 8) = 8
[pid  7216] getpid( <unfinished ...>
[pid  7094] epoll_wait(7,  <unfinished ...>
[pid  7216] <... getpid resumed>)       = 7216
[pid  7216] poll([{fd=10, events=POLLIN}], 1, 0) = 0 (Timeout)
[pid  7216] getpid()                    = 7216
[pid  7216] poll([{fd=10, events=POLLIN}], 1, 0) = 0 (Timeout)
[pid  7216] getpid()                    = 7216
[pid  7216] write(6, "\1\0\0\0\0\0\0\0", 8 <unfinished ...>
[pid  7218] <... epoll_wait resumed>[{events=EPOLLIN, data={u32=3762619552, u64=94497338098848}}], 256, -1) = 1
[pid  7216] <... write resumed>)        = 8
[pid  7218] getpid( <unfinished ...>
[pid  7216] getpid( <unfinished ...>
[pid  7218] <... getpid resumed>)       = 7216
[pid  7216] <... getpid resumed>)       = 7216
[pid  7218] poll([{fd=6, events=POLLIN}], 1, 0 <unfinished ...>
[pid  7216] poll([{fd=10, events=POLLIN}], 1, -1 <unfinished ...>
[pid  7218] <... poll resumed>)         = 1 ([{fd=6, revents=POLLIN}])
[pid  7218] getpid()                    = 7216
[pid  7218] read(6, "\1\0\0\0\0\0\0\0", 8) = 8
[pid  7218] epoll_ctl(7, EPOLL_CTL_MOD, 11, {events=EPOLLIN|EPOLLOUT, data={u32=2147488816, u64=140383153558576}}) = 0
[pid  7218] sendto(11, "\1\0\0\26Error: id is not found", 26, 0, NULL, 0) = 26
[pid  7094] <... epoll_wait resumed>[{events=EPOLLIN, data={u32=604049568, u64=139711595221152}}], 256, -1) = 1
[pid  7218] getpid( <unfinished ...>
[pid  7094] recvfrom(14,  <unfinished ...>
[pid  7218] <... getpid resumed>)       = 7216
[pid  7094] <... recvfrom resumed>"\1\0\0\26Error: id is not found", 8192, 0, NULL, NULL) = 26
[pid  7218] poll([{fd=6, events=POLLIN}], 1, 0 <unfinished ...>
[pid  7094] getpid( <unfinished ...>
[pid  7218] <... poll resumed>)         = 0 (Timeout)
[pid  7094] <... getpid resumed>)       = 7092
[pid  7218] epoll_wait(7,  <unfinished ...>
[pid  7094] write(9, "\1\0\0\0\0\0\0\0", 8 <unfinished ...>
[pid  7218] <... epoll_wait resumed>[{events=EPOLLOUT, data={u32=2147488816, u64=140383153558576}}], 256, -1) = 1
[pid  7094] <... write resumed>)        = 8
[pid  7092] <... poll resumed>)         = 1 ([{fd=9, revents=POLLIN}])
[pid  7218] epoll_ctl(7, EPOLL_CTL_MOD, 11, {events=EPOLLIN, data={u32=2147488816, u64=140383153558576}} <unfinished ...>
[pid  7094] epoll_wait(7,  <unfinished ...>
[pid  7218] <... epoll_ctl resumed>)    = 0
[pid  7092] getpid( <unfinished ...>
[pid  7218] epoll_wait(7,  <unfinished ...>
[pid  7092] <... getpid resumed>)       = 7092
[pid  7092] read(9, "\1\0\0\0\0\0\0\0", 8) = 8
[pid  7092] getpid()                    = 7092
[pid  7092] poll([{fd=9, events=POLLIN}], 1, 0) = 0 (Timeout)
[pid  7092] write(1, "OK: 5: 13\n", 10) = 10
[pid  7092] read(0, "remove 3\n", 1024) = 9
[pid  7092] getpid()                    = 7092
[pid  7092] poll([{fd=9, events=POLLIN}], 1, 0) = 0 (Timeout)
[pid  7092] getpid()                    = 7092
[pid  7092] write(6, "\1\0\0\0\0\0\0\0", 8) = 8
[pid  7094] <... epoll_wait resumed>[{events=EPOLLIN, data={u32=2423313568, u64=94521768596640}}], 256, -1) = 1
[pid  7092] getpid( <unfinished ...>
[pid  7094] getpid( <unfinished ...>
[pid  7092] <... getpid resumed>)       = 7092
[pid  7094] <... getpid resumed>)       = 7092
[pid  7092] poll([{fd=9, events=POLLIN}], 1, -1 <unfinished ...>
[pid  7094] poll([{fd=6, events=POLLIN}], 1, 0) = 1 ([{fd=6, revents=POLLIN}])
[pid  7094] getpid()                    = 7092
[pid  7094] read(6, "\1\0\0\0\0\0\0\0", 8) = 8
[pid  7094] epoll_ctl(7, EPOLL_CTL_MOD, 14, {events=EPOLLIN|EPOLLOUT, data={u32=604049568, u64=139711595221152}}) = 0
[pid  7094] sendto(14, "\1\0\0\6ping 3", 10, 0, NULL, 0 <unfinished ...>
[pid  7218] <... epoll_wait resumed>[{events=EPOLLIN, data={u32=2147488816, u64=140383153558576}}], 256, -1) = 1
[pid  7094] <... sendto resumed>)       = 10
[pid  7218] recvfrom(11,  <unfinished ...>
[pid  7094] getpid( <unfinished ...>
[pid  7218] <... recvfrom resumed>"\1\0\0\6ping 3", 8192, 0, NULL, NULL) = 10
[pid  7094] <... getpid resumed>)       = 7092
[pid  7218] getpid( <unfinished ...>
[pid  7094] poll([{fd=6, events=POLLIN}], 1, 0 <unfinished ...>
[pid  7218] <... getpid resumed>)       = 7216
[pid  7094] <... poll resumed>)         = 0 (Timeout)
[pid  7218] write(10, "\1\0\0\0\0\0\0\0", 8) = 8
[pid  7216] <... poll resumed>)         = 1 ([{fd=10, revents=POLLIN}])
[pid  7094] epoll_wait(7,  <unfinished ...>
[pid  7218] epoll_wait(7,  <unfinished ...>
[pid  7216] getpid( <unfinished ...>
[pid  7094] <... epoll_wait resumed>[{events=EPOLLOUT, data={u32=604049568, u64=139711595221152}}], 256, -1) = 1
[pid  7216] <... getpid resumed>)       = 7216
[pid  7094] epoll_ctl(7, EPOLL_CTL_MOD, 14, {events=EPOLLIN, data={u32=604049568, u64=139711595221152}} <unfinished ...>
[pid  7216] read(10,  <unfinished ...>
[pid  7094] <... epoll_ctl resumed>)    = 0
[pid  7216] <... read resumed>"\1\0\0\0\0\0\0\0", 8) = 8
[pid  7094] epoll_wait(7,  <unfinished ...>
[pid  7216] getpid()                    = 7216
[pid  7216] poll([{fd=10, events=POLLIN}], 1, 0) = 0 (Timeout)
[pid  7216] getpid()                    = 7216
[pid  7216] poll([{fd=10, events=POLLIN}], 1, 0) = 0 (Timeout)
[pid  7216] getpid()                    = 7216
[pid  7216] write(6, "\1\0\0\0\0\0\0\0", 8) = 8
[pid  7218] <... epoll_wait resumed>[{events=EPOLLIN, data={u32=3762619552, u64=94497338098848}}], 256, -1) = 1
[pid  7216] getpid( <unfinished ...>
[pid  7218] getpid( <unfinished ...>
[pid  7216] <... getpid resumed>)       = 7216
[pid  7218] <... getpid resumed>)       = 7216
[pid  7216] poll([{fd=10, events=POLLIN}], 1, -1 <unfinished ...>
[pid  7218] poll([{fd=6, events=POLLIN}], 1, 0) = 1 ([{fd=6, revents=POLLIN}])
[pid  7218] getpid()                    = 7216
[pid  7218] read(6, "\1\0\0\0\0\0\0\0", 8) = 8
[pid  7218] epoll_ctl(7, EPOLL_CTL_MOD, 11, {events=EPOLLIN|EPOLLOUT, data={u32=2147488816, u64=140383153558576}}) = 0
[pid  7218] sendto(11, "\1\0\0\5OK: 1", 9, 0, NULL, 0) = 9
[pid  7094] <... epoll_wait resumed>[{events=EPOLLIN, data={u32=604049568, u64=139711595221152}}], 256, -1) = 1
[pid  7218] getpid( <unfinished ...>
[pid  7094] recvfrom(14,  <unfinished ...>
[pid  7218] <... getpid resumed>)       = 7216
[pid  7094] <... recvfrom resumed>"\1\0\0\5OK: 1", 8192, 0, NULL, NULL) = 9
[pid  7218] poll([{fd=6, events=POLLIN}], 1, 0 <unfinished ...>
[pid  7094] getpid( <unfinished ...>
[pid  7218] <... poll resumed>)         = 0 (Timeout)
[pid  7218] epoll_wait(7,  <unfinished ...>
[pid  7094] <... getpid resumed>)       = 7092
[pid  7218] <... epoll_wait resumed>[{events=EPOLLOUT, data={u32=2147488816, u64=140383153558576}}], 256, -1) = 1
[pid  7218] epoll_ctl(7, EPOLL_CTL_MOD, 11, {events=EPOLLIN, data={u32=2147488816, u64=140383153558576}} <unfinished ...>
[pid  7094] write(9, "\1\0\0\0\0\0\0\0", 8 <unfinished ...>
[pid  7092] <... poll resumed>)         = 1 ([{fd=9, revents=POLLIN}])
[pid  7218] <... epoll_ctl resumed>)    = 0
[pid  7094] <... write resumed>)        = 8
[pid  7092] getpid( <unfinished ...>
[pid  7218] epoll_wait(7,  <unfinished ...>
[pid  7094] epoll_wait(7,  <unfinished ...>
[pid  7092] <... getpid resumed>)       = 7092
[pid  7092] read(9, "\1\0\0\0\0\0\0\0", 8) = 8
[pid  7092] getpid()                    = 7092
[pid  7092] poll([{fd=9, events=POLLIN}], 1, 0) = 0 (Timeout)
[pid  7092] getpid()                    = 7092
[pid  7092] poll([{fd=9, events=POLLIN}], 1, 0) = 0 (Timeout)
[pid  7092] getpid()                    = 7092
[pid  7092] write(6, "\1\0\0\0\0\0\0\0", 8) = 8
[pid  7094] <... epoll_wait resumed>[{events=EPOLLIN, data={u32=2423313568, u64=94521768596640}}], 256, -1) = 1
[pid  7092] getpid( <unfinished ...>
[pid  7094] getpid( <unfinished ...>
[pid  7092] <... getpid resumed>)       = 7092
[pid  7094] <... getpid resumed>)       = 7092
[pid  7092] poll([{fd=9, events=POLLIN}], 1, -1 <unfinished ...>
[pid  7094] poll([{fd=6, events=POLLIN}], 1, 0) = 1 ([{fd=6, revents=POLLIN}])
[pid  7094] getpid()                    = 7092
[pid  7094] read(6, "\1\0\0\0\0\0\0\0", 8) = 8
[pid  7094] epoll_ctl(7, EPOLL_CTL_MOD, 14, {events=EPOLLIN|EPOLLOUT, data={u32=604049568, u64=139711595221152}}) = 0
[pid  7094] sendto(14, "\1\0\0\6remove", 10, 0, NULL, 0 <unfinished ...>
[pid  7218] <... epoll_wait resumed>[{events=EPOLLIN, data={u32=2147488816, u64=140383153558576}}], 256, -1) = 1
[pid  7094] <... sendto resumed>)       = 10
[pid  7218] recvfrom(11,  <unfinished ...>
[pid  7094] getpid( <unfinished ...>
[pid  7218] <... recvfrom resumed>"\1\0\0\6remove", 8192, 0, NULL, NULL) = 10
[pid  7094] <... getpid resumed>)       = 7092
[pid  7218] getpid( <unfinished ...>
[pid  7094] poll([{fd=6, events=POLLIN}], 1, 0 <unfinished ...>
[pid  7218] <... getpid resumed>)       = 7216
[pid  7094] <... poll resumed>)         = 0 (Timeout)
[pid  7218] write(10, "\1\0\0\0\0\0\0\0", 8) = 8
[pid  7216] <... poll resumed>)         = 1 ([{fd=10, revents=POLLIN}])
[pid  7094] epoll_wait(7,  <unfinished ...>
[pid  7218] epoll_wait(7,  <unfinished ...>
[pid  7216] getpid( <unfinished ...>
[pid  7094] <... epoll_wait resumed>[{events=EPOLLOUT, data={u32=604049568, u64=139711595221152}}], 256, -1) = 1
[pid  7216] <... getpid resumed>)       = 7216
[pid  7094] epoll_ctl(7, EPOLL_CTL_MOD, 14, {events=EPOLLIN, data={u32=604049568, u64=139711595221152}} <unfinished ...>
[pid  7216] read(10,  <unfinished ...>
[pid  7094] <... epoll_ctl resumed>)    = 0
[pid  7216] <... read resumed>"\1\0\0\0\0\0\0\0", 8) = 8
[pid  7094] epoll_wait(7,  <unfinished ...>
[pid  7216] getpid()                    = 7216
[pid  7216] poll([{fd=10, events=POLLIN}], 1, 0) = 0 (Timeout)
[pid  7216] getpid()                    = 7216
[pid  7216] poll([{fd=10, events=POLLIN}], 1, 0) = 0 (Timeout)
[pid  7216] getpid()                    = 7216
[pid  7216] write(6, "\1\0\0\0\0\0\0\0", 8 <unfinished ...>
[pid  7218] <... epoll_wait resumed>[{events=EPOLLIN, data={u32=3762619552, u64=94497338098848}}], 256, -1) = 1
[pid  7216] <... write resumed>)        = 8
[pid  7218] getpid( <unfinished ...>
[pid  7216] getpid( <unfinished ...>
[pid  7218] <... getpid resumed>)       = 7216
[pid  7216] <... getpid resumed>)       = 7216
[pid  7218] poll([{fd=6, events=POLLIN}], 1, 0 <unfinished ...>
[pid  7216] poll([{fd=10, events=POLLIN}], 1, 0 <unfinished ...>
[pid  7218] <... poll resumed>)         = 1 ([{fd=6, revents=POLLIN}])
[pid  7218] getpid( <unfinished ...>
[pid  7216] <... poll resumed>)         = 0 (Timeout)
[pid  7218] <... getpid resumed>)       = 7216
[pid  7218] read(6,  <unfinished ...>
[pid  7216] getpid( <unfinished ...>
[pid  7218] <... read resumed>"\1\0\0\0\0\0\0\0", 8) = 8
[pid  7216] <... getpid resumed>)       = 7216
[pid  7218] epoll_ctl(7, EPOLL_CTL_MOD, 11, {events=EPOLLIN|EPOLLOUT, data={u32=2147488816, u64=140383153558576}} <unfinished ...>
[pid  7216] write(4, "\1\0\0\0\0\0\0\0", 8 <unfinished ...>
[pid  7218] <... epoll_ctl resumed>)    = 0
[pid  7218] sendto(11, "\1\0\0\2-1", 6, 0, NULL, 0 <unfinished ...>
[pid  7217] <... epoll_wait resumed>[{events=EPOLLIN, data={u32=3762598496, u64=94497338077792}}], 256, -1) = 1
[pid  7216] <... write resumed>)        = 8
[pid  7218] <... sendto resumed>)       = 6
[pid  7217] getpid( <unfinished ...>
[pid  7216] clock_nanosleep(CLOCK_REALTIME, 0, {tv_sec=1, tv_nsec=0},  <unfinished ...>
[pid  7094] <... epoll_wait resumed>[{events=EPOLLIN, data={u32=604049568, u64=139711595221152}}], 256, -1) = 1
[pid  7218] getpid( <unfinished ...>
[pid  7217] <... getpid resumed>)       = 7216
[pid  7094] recvfrom(14,  <unfinished ...>
[pid  7218] <... getpid resumed>)       = 7216
[pid  7217] getpid( <unfinished ...>
[pid  7218] write(10, "\1\0\0\0\0\0\0\0", 8 <unfinished ...>
[pid  7094] <... recvfrom resumed>"\1\0\0\2-1", 8192, 0, NULL, NULL) = 6
[pid  7217] <... getpid resumed>)       = 7216
[pid  7218] <... write resumed>)        = 8
[pid  7094] getpid( <unfinished ...>
[pid  7218] getpid( <unfinished ...>
[pid  7217] poll([{fd=4, events=POLLIN}], 1, 0 <unfinished ...>
[pid  7094] <... getpid resumed>)       = 7092
[pid  7218] <... getpid resumed>)       = 7216
[pid  7217] <... poll resumed>)         = 1 ([{fd=4, revents=POLLIN}])
[pid  7217] getpid( <unfinished ...>
[pid  7218] poll([{fd=6, events=POLLIN}], 1, 0 <unfinished ...>
[pid  7094] write(9, "\1\0\0\0\0\0\0\0", 8 <unfinished ...>
[pid  7217] <... getpid resumed>)       = 7216
[pid  7092] <... poll resumed>)         = 1 ([{fd=9, revents=POLLIN}])
[pid  7217] read(4,  <unfinished ...>
[pid  7094] <... write resumed>)        = 8
[pid  7092] getpid( <unfinished ...>
[pid  7217] <... read resumed>"\1\0\0\0\0\0\0\0", 8) = 8
[pid  7092] <... getpid resumed>)       = 7092
[pid  7092] read(9, "\1\0\0\0\0\0\0\0", 8) = 8
[pid  7217] mmap(NULL, 134217728, PROT_NONE, MAP_PRIVATE|MAP_ANONYMOUS|MAP_NORESERVE, -1, 0 <unfinished ...>
[pid  7094] epoll_wait(7,  <unfinished ...>
[pid  7092] getpid()                    = 7092
[pid  7217] <... mmap resumed>)         = 0x7fad78000000
[pid  7092] poll([{fd=9, events=POLLIN}], 1, 0 <unfinished ...>
[pid  7217] munmap(0x7fad7c000000, 67108864 <unfinished ...>
[pid  7092] <... poll resumed>)         = 0 (Timeout)
[pid  7217] <... munmap resumed>)       = 0
[pid  7217] mprotect(0x7fad78000000, 135168, PROT_READ|PROT_WRITE <unfinished ...>
[pid  7092] getpid( <unfinished ...>
[pid  7217] <... mprotect resumed>)     = 0
[pid  7092] <... getpid resumed>)       = 7092
[pid  7217] epoll_ctl(5, EPOLL_CTL_ADD, 10, {events=0, data={u32=2013268848, u64=140383019338608}} <unfinished ...>
[pid  7092] poll([{fd=9, events=POLLIN}], 1, 0 <unfinished ...>
[pid  7218] <... poll resumed>)         = 0 (Timeout)
[pid  7217] <... epoll_ctl resumed>)    = 0
[pid  7092] <... poll resumed>)         = 0 (Timeout)
[pid  7218] epoll_wait(7,  <unfinished ...>
[pid  7217] epoll_ctl(5, EPOLL_CTL_MOD, 10, {events=EPOLLIN, data={u32=2013268848, u64=140383019338608}} <unfinished ...>
[pid  7092] getpid( <unfinished ...>
[pid  7218] <... epoll_wait resumed>[{events=EPOLLOUT, data={u32=2147488816, u64=140383153558576}}], 256, -1) = 1
[pid  7217] <... epoll_ctl resumed>)    = 0
[pid  7092] <... getpid resumed>)       = 7092
[pid  7218] epoll_ctl(7, EPOLL_CTL_MOD, 11, {events=EPOLLIN, data={u32=2147488816, u64=140383153558576}} <unfinished ...>
[pid  7217] getpid( <unfinished ...>
[pid  7092] write(6, "\1\0\0\0\0\0\0\0", 8 <unfinished ...>
[pid  7218] <... epoll_ctl resumed>)    = 0
[pid  7217] <... getpid resumed>)       = 7216
[pid  7092] <... write resumed>)        = 8
[pid  7218] epoll_wait(7,  <unfinished ...>
[pid  7217] getpid( <unfinished ...>
[pid  7094] <... epoll_wait resumed>[{events=EPOLLIN, data={u32=2423313568, u64=94521768596640}}], 256, -1) = 1
[pid  7094] getpid( <unfinished ...>
[pid  7092] write(1, "OK\n", 3 <unfinished ...>
[pid  7217] <... getpid resumed>)       = 7216
[pid  7094] <... getpid resumed>)       = 7092
[pid  7094] poll([{fd=6, events=POLLIN}], 1, 0) = 1 ([{fd=6, revents=POLLIN}])
[pid  7092] <... write resumed>)        = 3
[pid  7217] poll([{fd=4, events=POLLIN}], 1, 0 <unfinished ...>
[pid  7094] getpid( <unfinished ...>
[pid  7092] read(0,  <unfinished ...>
[pid  7094] <... getpid resumed>)       = 7092
[pid  7217] <... poll resumed>)         = 0 (Timeout)
[pid  7094] read(6, "\1\0\0\0\0\0\0\0", 8) = 8
[pid  7094] epoll_ctl(7, EPOLL_CTL_DEL, 13, 0x7f1124011044) = 0
[pid  7094] close(13 <unfinished ...>
[pid  7217] epoll_wait(5,  <unfinished ...>
[pid  7094] <... close resumed>)        = 0
[pid  7094] getpid()                    = 7092
[pid  7094] write(9, "\1\0\0\0\0\0\0\0", 8) = 8
[pid  7217] <... epoll_wait resumed>[{events=EPOLLIN, data={u32=2013268848, u64=140383019338608}}], 256, -1) = 1
[pid  7094] getpid()                    = 7092
[pid  7094] poll([{fd=6, events=POLLIN}], 1, 0 <unfinished ...>
[pid  7217] getpid( <unfinished ...>
[pid  7094] <... poll resumed>)         = 0 (Timeout)
[pid  7094] epoll_wait(7,  <unfinished ...>
[pid  7217] <... getpid resumed>)       = 7216
[pid  7217] poll([{fd=10, events=POLLIN}], 1, 0) = 1 ([{fd=10, revents=POLLIN}])
[pid  7217] getpid()                    = 7216
[pid  7217] read(10, "\1\0\0\0\0\0\0\0", 8) = 8
[pid  7217] getpid()                    = 7216
[pid  7217] write(6, "\1\0\0\0\0\0\0\0", 8 <unfinished ...>
[pid  7218] <... epoll_wait resumed>[{events=EPOLLIN, data={u32=3762619552, u64=94497338098848}}], 256, -1) = 1
[pid  7217] <... write resumed>)        = 8
[pid  7218] getpid()                    = 7216
[pid  7217] getpid( <unfinished ...>
[pid  7218] poll([{fd=6, events=POLLIN}], 1, 0 <unfinished ...>
[pid  7217] <... getpid resumed>)       = 7216
[pid  7218] <... poll resumed>)         = 1 ([{fd=6, revents=POLLIN}])
[pid  7218] getpid()                    = 7216
[pid  7218] read(6,  <unfinished ...>
[pid  7217] poll([{fd=10, events=POLLIN}], 1, 0 <unfinished ...>
[pid  7218] <... read resumed>"\1\0\0\0\0\0\0\0", 8) = 8
[pid  7218] getpid( <unfinished ...>
[pid  7217] <... poll resumed>)         = 0 (Timeout)
[pid  7218] <... getpid resumed>)       = 7216
[pid  7218] write(10, "\1\0\0\0\0\0\0\0", 8 <unfinished ...>
[pid  7217] epoll_wait(5,  <unfinished ...>
[pid  7218] <... write resumed>)        = 8
[pid  7217] <... epoll_wait resumed>[{events=EPOLLIN, data={u32=2013268848, u64=140383019338608}}], 256, -1) = 1
[pid  7218] epoll_ctl(7, EPOLL_CTL_DEL, 11, 0x7fad80001434 <unfinished ...>
[pid  7217] getpid()                    = 7216
[pid  7218] <... epoll_ctl resumed>)    = 0
[pid  7217] poll([{fd=10, events=POLLIN}], 1, 0 <unfinished ...>
[pid  7218] close(11 <unfinished ...>
[pid  7217] <... poll resumed>)         = 1 ([{fd=10, revents=POLLIN}])
[pid  7218] <... close resumed>)        = 0
[pid  7094] <... epoll_wait resumed>[{events=EPOLLIN, data={u32=604049568, u64=139711595221152}}], 256, -1) = 1
[pid  7217] getpid( <unfinished ...>
[pid  7218] getpid( <unfinished ...>
[pid  7217] <... getpid resumed>)       = 7216
[pid  7094] recvfrom(14,  <unfinished ...>
[pid  7218] <... getpid resumed>)       = 7216
[pid  7218] poll([{fd=6, events=POLLIN}], 1, 0 <unfinished ...>
[pid  7217] read(10,  <unfinished ...>
[pid  7094] <... recvfrom resumed>"", 8192, 0, NULL, NULL) = 0
[pid  7218] <... poll resumed>)         = 0 (Timeout)
[pid  7217] <... read resumed>"\1\0\0\0\0\0\0\0", 8) = 8
[pid  7094] epoll_ctl(7, EPOLL_CTL_DEL, 14, 0x7f11240110a4 <unfinished ...>
[pid  7217] getpid( <unfinished ...>
[pid  7218] epoll_wait(7,  <unfinished ...>
[pid  7094] <... epoll_ctl resumed>)    = 0
[pid  7217] <... getpid resumed>)       = 7216
[pid  7094] close(14 <unfinished ...>
[pid  7217] poll([{fd=10, events=POLLIN}], 1, 0) = 0 (Timeout)
[pid  7094] <... close resumed>)        = 0
[pid  7217] epoll_ctl(5, EPOLL_CTL_DEL, 10, 0x7fad78000b74) = 0
[pid  7094] epoll_wait(7,  <unfinished ...>
[pid  7217] getpid()                    = 7216
[pid  7217] write(4, "\1\0\0\0\0\0\0\0", 8) = 8
[pid  7217] close(10)                   = 0
[pid  7217] epoll_wait(5, [{events=EPOLLIN, data={u32=3762598496, u64=94497338077792}}], 256, -1) = 1
[pid  7217] getpid()                    = 7216
[pid  7217] getpid()                    = 7216
[pid  7217] poll([{fd=4, events=POLLIN}], 1, 0) = 1 ([{fd=4, revents=POLLIN}])
[pid  7217] getpid()                    = 7216
[pid  7217] read(4, "\1\0\0\0\0\0\0\0", 8) = 8
[pid  7217] getpid()                    = 7216
[pid  7217] getpid()                    = 7216
[pid  7217] poll([{fd=4, events=POLLIN}], 1, 0) = 0 (Timeout)
[pid  7217] epoll_wait(5,  <unfinished ...>
[pid  7216] <... clock_nanosleep resumed>0x7ffd2b7c4f50) = 0
[pid  7216] getpid()                    = 7216
[pid  7216] write(4, "\1\0\0\0\0\0\0\0", 8) = 8
[pid  7217] <... epoll_wait resumed>[{events=EPOLLIN, data={u32=3762598496, u64=94497338077792}}], 256, -1) = 1
[pid  7216] getpid( <unfinished ...>
[pid  7217] getpid( <unfinished ...>
[pid  7216] <... getpid resumed>)       = 7216
[pid  7217] <... getpid resumed>)       = 7216
[pid  7216] getpid( <unfinished ...>
[pid  7217] getpid( <unfinished ...>
[pid  7216] <... getpid resumed>)       = 7216
[pid  7217] <... getpid resumed>)       = 7216
[pid  7216] write(8, "\1\0\0\0\0\0\0\0", 8) = 8
[pid  7216] getpid( <unfinished ...>
[pid  7217] poll([{fd=4, events=POLLIN}], 1, 0 <unfinished ...>
[pid  7216] <... getpid resumed>)       = 7216
[pid  7216] write(9, "\1\0\0\0\0\0\0\0", 8 <unfinished ...>
[pid  7217] <... poll resumed>)         = 1 ([{fd=4, revents=POLLIN}])
[pid  7216] <... write resumed>)        = 8
[pid  7217] getpid()                    = 7216
[pid  7216] getpid( <unfinished ...>
[pid  7217] read(4,  <unfinished ...>
[pid  7216] <... getpid resumed>)       = 7216
[pid  7217] <... read resumed>"\1\0\0\0\0\0\0\0", 8) = 8
[pid  7216] poll([{fd=3, events=POLLIN}], 1, -1 <unfinished ...>
[pid  7217] epoll_ctl(5, EPOLL_CTL_ADD, 9, {events=0, data={u32=2013268848, u64=140383019338608}}) = 0
[pid  7217] epoll_ctl(5, EPOLL_CTL_MOD, 9, {events=EPOLLIN, data={u32=2013268848, u64=140383019338608}}) = 0
[pid  7217] epoll_ctl(5, EPOLL_CTL_DEL, 9, 0x7fad78000b74) = 0
[pid  7217] close(9)                    = 0
[pid  7217] getpid()                    = 7216
[pid  7217] epoll_ctl(5, EPOLL_CTL_ADD, 8, {events=0, data={u32=3762633184, u64=94497338112480}}) = 0
[pid  7217] epoll_ctl(5, EPOLL_CTL_MOD, 8, {events=EPOLLIN, data={u32=3762633184, u64=94497338112480}}) = 0
[pid  7217] epoll_ctl(5, EPOLL_CTL_DEL, 8, 0x55f1e04539e4) = 0
[pid  7217] close(8)                    = 0
[pid  7217] getpid()                    = 7216
[pid  7217] getpid()                    = 7216
[pid  7217] getpid()                    = 7216
[pid  7217] getpid()                    = 7216
[pid  7217] write(3, "\1\0\0\0\0\0\0\0", 8) = 8
[pid  7216] <... poll resumed>)         = 1 ([{fd=3, revents=POLLIN}])
[pid  7217] epoll_ctl(5, EPOLL_CTL_DEL, 4, 0x55f1e044b264) = 0
[pid  7216] getpid( <unfinished ...>
[pid  7217] getpid( <unfinished ...>
[pid  7216] <... getpid resumed>)       = 7216
[pid  7217] <... getpid resumed>)       = 7216
[pid  7217] getpid( <unfinished ...>
[pid  7216] read(3,  <unfinished ...>
[pid  7217] <... getpid resumed>)       = 7216
[pid  7216] <... read resumed>"\1\0\0\0\0\0\0\0", 8) = 8
[pid  7217] poll([{fd=4, events=POLLIN}], 1, 0 <unfinished ...>
[pid  7216] getpid( <unfinished ...>
[pid  7217] <... poll resumed>)         = 0 (Timeout)
[pid  7216] <... getpid resumed>)       = 7216
[pid  7217] rt_sigprocmask(SIG_BLOCK, ~[RT_1],  <unfinished ...>
[pid  7216] write(6, "\1\0\0\0\0\0\0\0", 8 <unfinished ...>
[pid  7218] <... epoll_wait resumed>[{events=EPOLLIN, data={u32=3762619552, u64=94497338098848}}], 256, -1) = 1
[pid  7217] <... rt_sigprocmask resumed>NULL, 8) = 0
[pid  7216] <... write resumed>)        = 8
[pid  7217] madvise(0x7fad851fc000, 8368128, MADV_DONTNEED <unfinished ...>
[pid  7218] getpid( <unfinished ...>
[pid  7216] futex(0x7fad851fb910, FUTEX_WAIT_BITSET|FUTEX_CLOCK_REALTIME, 7218, NULL, FUTEX_BITSET_MATCH_ANY <unfinished ...>
[pid  7218] <... getpid resumed>)       = 7216
[pid  7217] <... madvise resumed>)      = 0
[pid  7218] poll([{fd=6, events=POLLIN}], 1, 0 <unfinished ...>
[pid  7217] exit(0 <unfinished ...>
[pid  7218] <... poll resumed>)         = 1 ([{fd=6, revents=POLLIN}])
[pid  7217] <... exit resumed>)         = ?
[pid  7218] getpid( <unfinished ...>
[pid  7217] +++ exited with 0 +++
[pid  7218] <... getpid resumed>)       = 7216
[pid  7218] read(6, "\1\0\0\0\0\0\0\0", 8) = 8
[pid  7218] epoll_ctl(7, EPOLL_CTL_DEL, 6, 0x55f1e04504a4) = 0
[pid  7218] getpid()                    = 7216
[pid  7218] poll([{fd=6, events=POLLIN}], 1, 0) = 0 (Timeout)
[pid  7218] rt_sigprocmask(SIG_BLOCK, ~[RT_1], NULL, 8) = 0
[pid  7218] madvise(0x7fad849fb000, 8368128, MADV_DONTNEED) = 0
[pid  7218] exit(0)                     = ?
[pid  7218] +++ exited with 0 +++
[pid  7216] <... futex resumed>)        = 0
[pid  7216] close(7)                    = 0
[pid  7216] close(6)                    = 0
[pid  7216] close(5)                    = 0
[pid  7216] close(4)                    = 0
[pid  7216] close(3)                    = 0
[pid  7216] exit_group(0)               = ?
[pid  7216] +++ exited with 0 +++
[pid  7092] <... read resumed>0x55f790710380, 1024) = ? ERESTARTSYS (To be restarted if SA_RESTART is set)
[pid  7092] --- SIGCHLD {si_signo=SIGCHLD, si_code=CLD_EXITED, si_pid=7216, si_uid=1000, si_status=0, si_utime=0, si_stime=17} ---
[pid  7092] read(0, "kill\n", 1024)     = 5
[pid  7092] getpid()                    = 7092
[pid  7092] poll([{fd=8, events=POLLIN}], 1, 0) = 0 (Timeout)
[pid  7092] getpid()                    = 7092
[pid  7092] write(6, "\1\0\0\0\0\0\0\0", 8) = 8
[pid  7094] <... epoll_wait resumed>[{events=EPOLLIN, data={u32=2423313568, u64=94521768596640}}], 256, -1) = 1
[pid  7092] getpid( <unfinished ...>
[pid  7094] getpid( <unfinished ...>
[pid  7092] <... getpid resumed>)       = 7092
[pid  7094] <... getpid resumed>)       = 7092
[pid  7092] poll([{fd=8, events=POLLIN}], 1, -1 <unfinished ...>
[pid  7094] poll([{fd=6, events=POLLIN}], 1, 0) = 1 ([{fd=6, revents=POLLIN}])
[pid  7094] getpid()                    = 7092
[pid  7094] read(6, "\1\0\0\0\0\0\0\0", 8) = 8
[pid  7094] epoll_ctl(7, EPOLL_CTL_MOD, 12, {events=EPOLLIN|EPOLLOUT, data={u32=603982800, u64=139711595154384}}) = 0
[pid  7094] sendto(12, "\1\0\0\6ping 1", 10, 0, NULL, 0 <unfinished ...>
[pid  7118] <... epoll_wait resumed>[{events=EPOLLIN, data={u32=3758101552, u64=140689706849328}}], 256, -1) = 1
[pid  7094] <... sendto resumed>)       = 10
[pid  7118] recvfrom(11, "\1\0\0\6ping 1", 8192, 0, NULL, NULL) = 10
[pid  7094] getpid( <unfinished ...>
[pid  7118] getpid( <unfinished ...>
[pid  7094] <... getpid resumed>)       = 7092
[pid  7118] <... getpid resumed>)       = 7116
[pid  7094] poll([{fd=6, events=POLLIN}], 1, 0 <unfinished ...>
[pid  7118] write(10, "\1\0\0\0\0\0\0\0", 8) = 8
[pid  7116] <... poll resumed>)         = 1 ([{fd=10, revents=POLLIN}])
[pid  7094] <... poll resumed>)         = 0 (Timeout)
[pid  7118] epoll_wait(7,  <unfinished ...>
[pid  7116] getpid( <unfinished ...>
[pid  7094] epoll_wait(7,  <unfinished ...>
[pid  7116] <... getpid resumed>)       = 7116
[pid  7094] <... epoll_wait resumed>[{events=EPOLLOUT, data={u32=603982800, u64=139711595154384}}], 256, -1) = 1
[pid  7116] read(10,  <unfinished ...>
[pid  7094] epoll_ctl(7, EPOLL_CTL_MOD, 12, {events=EPOLLIN, data={u32=603982800, u64=139711595154384}} <unfinished ...>
[pid  7116] <... read resumed>"\1\0\0\0\0\0\0\0", 8) = 8
[pid  7116] getpid( <unfinished ...>
[pid  7094] <... epoll_ctl resumed>)    = 0
[pid  7116] <... getpid resumed>)       = 7116
[pid  7116] poll([{fd=10, events=POLLIN}], 1, 0 <unfinished ...>
[pid  7094] epoll_wait(7,  <unfinished ...>
[pid  7116] <... poll resumed>)         = 0 (Timeout)
[pid  7116] getpid()                    = 7116
[pid  7116] poll([{fd=10, events=POLLIN}], 1, 0) = 0 (Timeout)
[pid  7116] getpid()                    = 7116
[pid  7116] write(6, "\1\0\0\0\0\0\0\0", 8 <unfinished ...>
[pid  7118] <... epoll_wait resumed>[{events=EPOLLIN, data={u32=2638587040, u64=93839084070048}}], 256, -1) = 1
[pid  7116] <... write resumed>)        = 8
[pid  7118] getpid()                    = 7116
[pid  7116] getpid( <unfinished ...>
[pid  7118] poll([{fd=6, events=POLLIN}], 1, 0 <unfinished ...>
[pid  7116] <... getpid resumed>)       = 7116
[pid  7118] <... poll resumed>)         = 1 ([{fd=6, revents=POLLIN}])
[pid  7116] poll([{fd=10, events=POLLIN}], 1, -1 <unfinished ...>
[pid  7118] getpid()                    = 7116
[pid  7118] read(6, "\1\0\0\0\0\0\0\0", 8) = 8
[pid  7118] epoll_ctl(7, EPOLL_CTL_MOD, 11, {events=EPOLLIN|EPOLLOUT, data={u32=3758101552, u64=140689706849328}}) = 0
[pid  7118] sendto(11, "\1\0\0\5OK: 1", 9, 0, NULL, 0) = 9
[pid  7094] <... epoll_wait resumed>[{events=EPOLLIN, data={u32=603982800, u64=139711595154384}}], 256, -1) = 1
[pid  7118] getpid( <unfinished ...>
[pid  7094] recvfrom(12,  <unfinished ...>
[pid  7118] <... getpid resumed>)       = 7116
[pid  7094] <... recvfrom resumed>"\1\0\0\5OK: 1", 8192, 0, NULL, NULL) = 9
[pid  7118] poll([{fd=6, events=POLLIN}], 1, 0 <unfinished ...>
[pid  7094] getpid( <unfinished ...>
[pid  7118] <... poll resumed>)         = 0 (Timeout)
[pid  7118] epoll_wait(7, [{events=EPOLLOUT, data={u32=3758101552, u64=140689706849328}}], 256, -1) = 1
[pid  7094] <... getpid resumed>)       = 7092
[pid  7118] epoll_ctl(7, EPOLL_CTL_MOD, 11, {events=EPOLLIN, data={u32=3758101552, u64=140689706849328}} <unfinished ...>
[pid  7094] write(8, "\1\0\0\0\0\0\0\0", 8 <unfinished ...>
[pid  7092] <... poll resumed>)         = 1 ([{fd=8, revents=POLLIN}])
[pid  7118] <... epoll_ctl resumed>)    = 0
[pid  7094] <... write resumed>)        = 8
[pid  7092] getpid( <unfinished ...>
[pid  7118] epoll_wait(7,  <unfinished ...>
[pid  7094] epoll_wait(7,  <unfinished ...>
[pid  7092] <... getpid resumed>)       = 7092
[pid  7092] read(8, "\1\0\0\0\0\0\0\0", 8) = 8
[pid  7092] getpid()                    = 7092
[pid  7092] poll([{fd=8, events=POLLIN}], 1, 0) = 0 (Timeout)
[pid  7092] getpid()                    = 7092
[pid  7092] poll([{fd=8, events=POLLIN}], 1, 0) = 0 (Timeout)
[pid  7092] getpid()                    = 7092
[pid  7092] write(6, "\1\0\0\0\0\0\0\0", 8) = 8
[pid  7094] <... epoll_wait resumed>[{events=EPOLLIN, data={u32=2423313568, u64=94521768596640}}], 256, -1) = 1
[pid  7092] getpid()                    = 7092
[pid  7094] getpid( <unfinished ...>
[pid  7092] poll([{fd=8, events=POLLIN}], 1, -1 <unfinished ...>
[pid  7094] <... getpid resumed>)       = 7092
[pid  7094] poll([{fd=6, events=POLLIN}], 1, 0) = 1 ([{fd=6, revents=POLLIN}])
[pid  7094] getpid()                    = 7092
[pid  7094] read(6, "\1\0\0\0\0\0\0\0", 8) = 8
[pid  7094] epoll_ctl(7, EPOLL_CTL_MOD, 12, {events=EPOLLIN|EPOLLOUT, data={u32=603982800, u64=139711595154384}}) = 0
[pid  7094] sendto(12, "\1\0\0\6remove", 10, 0, NULL, 0 <unfinished ...>
[pid  7118] <... epoll_wait resumed>[{events=EPOLLIN, data={u32=3758101552, u64=140689706849328}}], 256, -1) = 1
[pid  7094] <... sendto resumed>)       = 10
[pid  7118] recvfrom(11,  <unfinished ...>
[pid  7094] getpid( <unfinished ...>
[pid  7118] <... recvfrom resumed>"\1\0\0\6remove", 8192, 0, NULL, NULL) = 10
[pid  7094] <... getpid resumed>)       = 7092
[pid  7118] getpid( <unfinished ...>
[pid  7094] poll([{fd=6, events=POLLIN}], 1, 0 <unfinished ...>
[pid  7118] <... getpid resumed>)       = 7116
[pid  7094] <... poll resumed>)         = 0 (Timeout)
[pid  7118] write(10, "\1\0\0\0\0\0\0\0", 8 <unfinished ...>
[pid  7094] epoll_wait(7,  <unfinished ...>
[pid  7118] <... write resumed>)        = 8
[pid  7116] <... poll resumed>)         = 1 ([{fd=10, revents=POLLIN}])
[pid  7116] getpid( <unfinished ...>
[pid  7094] <... epoll_wait resumed>[{events=EPOLLOUT, data={u32=603982800, u64=139711595154384}}], 256, -1) = 1
[pid  7118] epoll_wait(7,  <unfinished ...>
[pid  7116] <... getpid resumed>)       = 7116
[pid  7094] epoll_ctl(7, EPOLL_CTL_MOD, 12, {events=EPOLLIN, data={u32=603982800, u64=139711595154384}} <unfinished ...>
[pid  7116] read(10,  <unfinished ...>
[pid  7094] <... epoll_ctl resumed>)    = 0
[pid  7116] <... read resumed>"\1\0\0\0\0\0\0\0", 8) = 8
[pid  7094] epoll_wait(7,  <unfinished ...>
[pid  7116] getpid()                    = 7116
[pid  7116] poll([{fd=10, events=POLLIN}], 1, 0) = 0 (Timeout)
[pid  7116] getpid()                    = 7116
[pid  7116] poll([{fd=8, events=POLLIN}], 1, 0) = 0 (Timeout)
[pid  7116] getpid()                    = 7116
[pid  7116] write(6, "\1\0\0\0\0\0\0\0", 8 <unfinished ...>
[pid  7118] <... epoll_wait resumed>[{events=EPOLLIN, data={u32=2638587040, u64=93839084070048}}], 256, -1) = 1
[pid  7116] <... write resumed>)        = 8
[pid  7118] getpid( <unfinished ...>
[pid  7116] getpid( <unfinished ...>
[pid  7118] <... getpid resumed>)       = 7116
[pid  7116] <... getpid resumed>)       = 7116
[pid  7118] poll([{fd=6, events=POLLIN}], 1, 0 <unfinished ...>
[pid  7116] poll([{fd=8, events=POLLIN}], 1, -1 <unfinished ...>
[pid  7118] <... poll resumed>)         = 1 ([{fd=6, revents=POLLIN}])
[pid  7118] getpid()                    = 7116
[pid  7118] read(6, "\1\0\0\0\0\0\0\0", 8) = 8
[pid  7118] epoll_ctl(7, EPOLL_CTL_MOD, 13, {events=EPOLLIN|EPOLLOUT, data={u32=3758131744, u64=140689706879520}}) = 0
[pid  7118] sendto(13, "\1\0\0\6ping 5", 10, 0, NULL, 0 <unfinished ...>
[pid  7247] <... epoll_wait resumed>[{events=EPOLLIN, data={u32=2617250864, u64=140229004497968}}], 256, -1) = 1
[pid  7118] <... sendto resumed>)       = 10
[pid  7247] recvfrom(11,  <unfinished ...>
[pid  7118] getpid( <unfinished ...>
[pid  7247] <... recvfrom resumed>"\1\0\0\6ping 5", 8192, 0, NULL, NULL) = 10
[pid  7118] <... getpid resumed>)       = 7116
[pid  7247] getpid( <unfinished ...>
[pid  7118] poll([{fd=6, events=POLLIN}], 1, 0 <unfinished ...>
[pid  7247] <... getpid resumed>)       = 7241
[pid  7118] <... poll resumed>)         = 0 (Timeout)
[pid  7247] write(10, "\1\0\0\0\0\0\0\0", 8 <unfinished ...>
[pid  7118] epoll_wait(7,  <unfinished ...>
[pid  7247] <... write resumed>)        = 8
[pid  7241] <... poll resumed>)         = 1 ([{fd=10, revents=POLLIN}])
[pid  7118] <... epoll_wait resumed>[{events=EPOLLOUT, data={u32=3758131744, u64=140689706879520}}], 256, -1) = 1
[pid  7247] epoll_wait(7,  <unfinished ...>
[pid  7241] getpid( <unfinished ...>
[pid  7118] epoll_ctl(7, EPOLL_CTL_MOD, 13, {events=EPOLLIN, data={u32=3758131744, u64=140689706879520}} <unfinished ...>
[pid  7241] <... getpid resumed>)       = 7241
[pid  7118] <... epoll_ctl resumed>)    = 0
[pid  7118] epoll_wait(7,  <unfinished ...>
[pid  7241] read(10, "\1\0\0\0\0\0\0\0", 8) = 8
[pid  7241] getpid()                    = 7241
[pid  7241] poll([{fd=10, events=POLLIN}], 1, 0) = 0 (Timeout)
[pid  7241] getpid()                    = 7241
[pid  7241] poll([{fd=10, events=POLLIN}], 1, 0) = 0 (Timeout)
[pid  7241] getpid()                    = 7241
[pid  7241] write(6, "\1\0\0\0\0\0\0\0", 8) = 8
[pid  7247] <... epoll_wait resumed>[{events=EPOLLIN, data={u32=2029925536, u64=94177777824928}}], 256, -1) = 1
[pid  7241] getpid( <unfinished ...>
[pid  7247] getpid( <unfinished ...>
[pid  7241] <... getpid resumed>)       = 7241
[pid  7247] <... getpid resumed>)       = 7241
[pid  7241] poll([{fd=10, events=POLLIN}], 1, -1 <unfinished ...>
[pid  7247] poll([{fd=6, events=POLLIN}], 1, 0) = 1 ([{fd=6, revents=POLLIN}])
[pid  7247] getpid()                    = 7241
[pid  7247] read(6, "\1\0\0\0\0\0\0\0", 8) = 8
[pid  7247] epoll_ctl(7, EPOLL_CTL_MOD, 11, {events=EPOLLIN|EPOLLOUT, data={u32=2617250864, u64=140229004497968}}) = 0
[pid  7247] sendto(11, "\1\0\0\5OK: 1", 9, 0, NULL, 0) = 9
[pid  7118] <... epoll_wait resumed>[{events=EPOLLIN, data={u32=3758131744, u64=140689706879520}}], 256, -1) = 1
[pid  7247] getpid( <unfinished ...>
[pid  7118] recvfrom(13,  <unfinished ...>
[pid  7247] <... getpid resumed>)       = 7241
[pid  7118] <... recvfrom resumed>"\1\0\0\5OK: 1", 8192, 0, NULL, NULL) = 9
[pid  7247] poll([{fd=6, events=POLLIN}], 1, 0 <unfinished ...>
[pid  7118] getpid( <unfinished ...>
[pid  7247] <... poll resumed>)         = 0 (Timeout)
[pid  7118] <... getpid resumed>)       = 7116
[pid  7118] write(8, "\1\0\0\0\0\0\0\0", 8 <unfinished ...>
[pid  7247] epoll_wait(7,  <unfinished ...>
[pid  7118] <... write resumed>)        = 8
[pid  7116] <... poll resumed>)         = 1 ([{fd=8, revents=POLLIN}])
[pid  7247] <... epoll_wait resumed>[{events=EPOLLOUT, data={u32=2617250864, u64=140229004497968}}], 256, -1) = 1
[pid  7118] epoll_wait(7,  <unfinished ...>
[pid  7247] epoll_ctl(7, EPOLL_CTL_MOD, 11, {events=EPOLLIN, data={u32=2617250864, u64=140229004497968}} <unfinished ...>
[pid  7116] getpid( <unfinished ...>
[pid  7247] <... epoll_ctl resumed>)    = 0
[pid  7116] <... getpid resumed>)       = 7116
[pid  7247] epoll_wait(7,  <unfinished ...>
[pid  7116] read(8, "\1\0\0\0\0\0\0\0", 8) = 8
[pid  7116] getpid()                    = 7116
[pid  7116] poll([{fd=8, events=POLLIN}], 1, 0) = 0 (Timeout)
[pid  7116] getpid()                    = 7116
[pid  7116] poll([{fd=8, events=POLLIN}], 1, 0) = 0 (Timeout)
[pid  7116] getpid()                    = 7116
[pid  7116] write(6, "\1\0\0\0\0\0\0\0", 8 <unfinished ...>
[pid  7118] <... epoll_wait resumed>[{events=EPOLLIN, data={u32=2638587040, u64=93839084070048}}], 256, -1) = 1
[pid  7116] <... write resumed>)        = 8
[pid  7118] getpid()                    = 7116
[pid  7116] getpid( <unfinished ...>
[pid  7118] poll([{fd=6, events=POLLIN}], 1, 0 <unfinished ...>
[pid  7116] <... getpid resumed>)       = 7116
[pid  7118] <... poll resumed>)         = 1 ([{fd=6, revents=POLLIN}])
[pid  7116] poll([{fd=8, events=POLLIN}], 1, -1 <unfinished ...>
[pid  7118] getpid()                    = 7116
[pid  7118] read(6, "\1\0\0\0\0\0\0\0", 8) = 8
[pid  7118] epoll_ctl(7, EPOLL_CTL_MOD, 13, {events=EPOLLIN|EPOLLOUT, data={u32=3758131744, u64=140689706879520}}) = 0
[pid  7118] sendto(13, "\1\0\0\6remove", 10, 0, NULL, 0 <unfinished ...>
[pid  7247] <... epoll_wait resumed>[{events=EPOLLIN, data={u32=2617250864, u64=140229004497968}}], 256, -1) = 1
[pid  7118] <... sendto resumed>)       = 10
[pid  7247] recvfrom(11,  <unfinished ...>
[pid  7118] getpid( <unfinished ...>
[pid  7247] <... recvfrom resumed>"\1\0\0\6remove", 8192, 0, NULL, NULL) = 10
[pid  7118] <... getpid resumed>)       = 7116
[pid  7247] getpid()                    = 7241
